<html>
<body>
<pre>
<h1>µVision Build Log</h1>
<h2>Tool Versions:</h2>
IDE-Version: ¦ÌVision V5.35.0.0
Copyright (C) 2021 ARM Ltd and ARM Germany GmbH. All rights reserved.
License Information: 195728 ï¿½ï¿½×¿ï¿½, dada, LIC=03C6R-KM9XD-RA5DM-X8QKH-3VTY1-UB1PA
 
Tool Versions:
Toolchain:       MDK-ARM Plus  Version: 5.35.0.2
Toolchain Path:  D:\Keil_v5_mdk\ARM\ARMCLANG\Bin
C Compiler:      ArmClang.exe V6.16
Assembler:       Armasm.exe V6.16
Linker/Locator:  ArmLink.exe V6.16
Library Manager: ArmAr.exe V6.16
Hex Converter:   FromElf.exe V6.16
CPU DLL:         SARMCM3.DLL V5.35.0.2
Dialog DLL:      DARMCM1.DLL V1.19.4.0
Target DLL:      CMSIS_AGDI.dll V1.33.0.0
Dialog DLL:      TARMCM1.DLL V1.14.4.0
 
<h2>Project:</h2>
D:\TI\sdk\mspm0_sdk_2_01_00_03\All_contoll\keil\empty_LP_MSPM0G3507_nortos_keil.uvprojx
Project File Date:  07/23/2024

<h2>Output:</h2>
*** Using Compiler 'V6.16', folder: 'D:\Keil_v5_mdk\ARM\ARMCLANG\Bin'
Build target 'MSPM0G3507_Project'
Before Build - User command #1: cmd.exe /C "D:\TI\sdk\mspm0_sdk_2_01_00_03\All_contoll\keil\../../tools/keil/syscfg.bat 'D:\TI\sdk\mspm0_sdk_2_01_00_03\All_contoll\keil\' empty.syscfg"
Using Sysconfig Tool from "D:\TI\sysconfig\sysconfig_cli.bat"
"Update the file located at <sdk path>/tools/keil/syscfg.bat to use a different version"
Running script...
Validating...
info: /ti/project_config/ProjectConfig deviceSpin: Note: User must select a device after migration. 
info: PWM_MotorA(/ti/driverlib/PWM): Peripheral does not retain register contents in STOP or STANDBY modes. User should take care to save and restore register configuration in application. See Retention Configuration section for more details.
Generating Code (empty.syscfg)...
Unchanged D:\TI\sdk\mspm0_sdk_2_01_00_03\All_contoll\ti_msp_dl_config.c...
Unchanged D:\TI\sdk\mspm0_sdk_2_01_00_03\All_contoll\ti_msp_dl_config.h...
Unchanged D:\TI\sdk\mspm0_sdk_2_01_00_03\All_contoll\Event.dot...
compiling empty.c...
linking...
Program Size: Code=3376 RO-data=272 RW-data=0 ZI-data=1848  
FromELF: creating hex file...
".\Objects\empty_LP_MSPM0G3507_nortos_keil.axf" - 0 Error(s), 0 Warning(s).

<h2>Software Packages used:</h2>

Package Vendor: TexasInstruments
                https://software-dl.ti.com/msp430/esd/MSPM0-CMSIS/MSPM0G1X0X_G3X0X/latest/exports/TexasInstruments.MSPM0G1X0X_G3X0X_DFP.1.3.1.pack
                TexasInstruments.MSPM0G1X0X_G3X0X_DFP.1.3.1
                Device Family Pack for Texas Instruments MSPM0G1X0X_G3X0X Series

<h2>Collection of Component include folders:</h2>

<h2>Collection of Component Files used:</h2>
Build Time Elapsed:  00:00:02
</pre>
</body>
</html>
