Component: ARM Compiler 6.16 Tool: armlink [5dfeaa00]

==============================================================================

Section Cross References

    empty.o(.text.main) refers to board.o(.text.board_init) for board_init
    empty.o(.text.main) refers to ti_msp_dl_config.o(.text.SYSCFG_DL_init) for SYSCFG_DL_init
    empty.o(.text.main) refers to oled.o(.text.OLED_Init) for OLED_Init
    empty.o(.text.main) refers to oled.o(.text.OLED_Clear) for OLED_Clear
    empty.o(.text.main) refers to dl_timer.o(.text.DL_Timer_setCaptureCompareValue) for DL_Timer_setCaptureCompareValue
    empty.o(.ARM.exidx.text.main) refers to empty.o(.text.main) for [Anonymous Symbol]
    startup_mspm0g350x_uvision.o(STACK) refers (Special) to heapauxi.o(.text) for __use_two_region_memory
    startup_mspm0g350x_uvision.o(HEAP) refers (Special) to heapauxi.o(.text) for __use_two_region_memory
    startup_mspm0g350x_uvision.o(RESET) refers (Special) to heapauxi.o(.text) for __use_two_region_memory
    startup_mspm0g350x_uvision.o(RESET) refers to startup_mspm0g350x_uvision.o(STACK) for __initial_sp
    startup_mspm0g350x_uvision.o(RESET) refers to startup_mspm0g350x_uvision.o(.text) for Reset_Handler
    startup_mspm0g350x_uvision.o(RESET) refers to encoder.o(.text.GROUP1_IRQHandler) for GROUP1_IRQHandler
    startup_mspm0g350x_uvision.o(RESET) refers to board.o(.text.UART0_IRQHandler) for UART0_IRQHandler
    startup_mspm0g350x_uvision.o(RESET) refers to encoder.o(.text.TIMG0_IRQHandler) for TIMG0_IRQHandler
    startup_mspm0g350x_uvision.o(.text) refers (Special) to heapauxi.o(.text) for __use_two_region_memory
    startup_mspm0g350x_uvision.o(.text) refers to __main.o(!!!main) for __main
    startup_mspm0g350x_uvision.o(.text) refers to startup_mspm0g350x_uvision.o(HEAP) for Heap_Mem
    startup_mspm0g350x_uvision.o(.text) refers to startup_mspm0g350x_uvision.o(STACK) for Stack_Mem
    ti_msp_dl_config.o(.text.SYSCFG_DL_init) refers to ti_msp_dl_config.o(.text.SYSCFG_DL_initPower) for SYSCFG_DL_initPower
    ti_msp_dl_config.o(.text.SYSCFG_DL_init) refers to ti_msp_dl_config.o(.text.SYSCFG_DL_GPIO_init) for SYSCFG_DL_GPIO_init
    ti_msp_dl_config.o(.text.SYSCFG_DL_init) refers to ti_msp_dl_config.o(.text.SYSCFG_DL_SYSCTL_init) for SYSCFG_DL_SYSCTL_init
    ti_msp_dl_config.o(.text.SYSCFG_DL_init) refers to ti_msp_dl_config.o(.text.SYSCFG_DL_PWM_MotorB_init) for SYSCFG_DL_PWM_MotorB_init
    ti_msp_dl_config.o(.text.SYSCFG_DL_init) refers to ti_msp_dl_config.o(.text.SYSCFG_DL_PWM_MotorA_init) for SYSCFG_DL_PWM_MotorA_init
    ti_msp_dl_config.o(.text.SYSCFG_DL_init) refers to ti_msp_dl_config.o(.text.SYSCFG_DL_TIMER_0_init) for SYSCFG_DL_TIMER_0_init
    ti_msp_dl_config.o(.text.SYSCFG_DL_init) refers to ti_msp_dl_config.o(.text.SYSCFG_DL_USB_TLL_init) for SYSCFG_DL_USB_TLL_init
    ti_msp_dl_config.o(.text.SYSCFG_DL_init) refers to ti_msp_dl_config.o(.text.SYSCFG_DL_SYSTICK_init) for SYSCFG_DL_SYSTICK_init
    ti_msp_dl_config.o(.text.SYSCFG_DL_init) refers to ti_msp_dl_config.o(.bss.gPWM_MotorABackup) for gPWM_MotorABackup
    ti_msp_dl_config.o(.ARM.exidx.text.SYSCFG_DL_init) refers to ti_msp_dl_config.o(.text.SYSCFG_DL_init) for [Anonymous Symbol]
    ti_msp_dl_config.o(.text.SYSCFG_DL_initPower) refers to dl_common.o(.text.DL_Common_delayCycles) for DL_Common_delayCycles
    ti_msp_dl_config.o(.ARM.exidx.text.SYSCFG_DL_initPower) refers to ti_msp_dl_config.o(.text.SYSCFG_DL_initPower) for [Anonymous Symbol]
    ti_msp_dl_config.o(.ARM.exidx.text.SYSCFG_DL_GPIO_init) refers to ti_msp_dl_config.o(.text.SYSCFG_DL_GPIO_init) for [Anonymous Symbol]
    ti_msp_dl_config.o(.ARM.exidx.text.SYSCFG_DL_SYSCTL_init) refers to ti_msp_dl_config.o(.text.SYSCFG_DL_SYSCTL_init) for [Anonymous Symbol]
    ti_msp_dl_config.o(.text.SYSCFG_DL_PWM_MotorB_init) refers to dl_timer.o(.text.DL_Timer_setClockConfig) for DL_Timer_setClockConfig
    ti_msp_dl_config.o(.text.SYSCFG_DL_PWM_MotorB_init) refers to dl_timer.o(.text.DL_Timer_initPWMMode) for DL_Timer_initPWMMode
    ti_msp_dl_config.o(.text.SYSCFG_DL_PWM_MotorB_init) refers to dl_timer.o(.text.DL_Timer_setCaptureCompareOutCtl) for DL_Timer_setCaptureCompareOutCtl
    ti_msp_dl_config.o(.text.SYSCFG_DL_PWM_MotorB_init) refers to dl_timer.o(.text.DL_Timer_setCaptCompUpdateMethod) for DL_Timer_setCaptCompUpdateMethod
    ti_msp_dl_config.o(.text.SYSCFG_DL_PWM_MotorB_init) refers to dl_timer.o(.text.DL_Timer_setCaptureCompareValue) for DL_Timer_setCaptureCompareValue
    ti_msp_dl_config.o(.text.SYSCFG_DL_PWM_MotorB_init) refers to ti_msp_dl_config.o(.rodata.gPWM_MotorBClockConfig) for [Anonymous Symbol]
    ti_msp_dl_config.o(.text.SYSCFG_DL_PWM_MotorB_init) refers to ti_msp_dl_config.o(.rodata.gPWM_MotorBConfig) for [Anonymous Symbol]
    ti_msp_dl_config.o(.ARM.exidx.text.SYSCFG_DL_PWM_MotorB_init) refers to ti_msp_dl_config.o(.text.SYSCFG_DL_PWM_MotorB_init) for [Anonymous Symbol]
[...]
    Removing dl_mcan.o(.ARM.exidx.text.DL_MCAN_setExtIDAndMask), (8 bytes).
    Removing dl_mcan.o(.text.DL_MCAN_writeMsgRam), (272 bytes).
    Removing dl_mcan.o(.ARM.exidx.text.DL_MCAN_writeMsgRam), (8 bytes).
    Removing dl_mcan.o(.text.DL_MCAN_TXBufAddReq), (52 bytes).
    Removing dl_mcan.o(.ARM.exidx.text.DL_MCAN_TXBufAddReq), (8 bytes).
    Removing dl_mcan.o(.text.DL_MCAN_getNewDataStatus), (20 bytes).
    Removing dl_mcan.o(.ARM.exidx.text.DL_MCAN_getNewDataStatus), (8 bytes).
    Removing dl_mcan.o(.text.DL_MCAN_clearNewDataStatus), (20 bytes).
    Removing dl_mcan.o(.ARM.exidx.text.DL_MCAN_clearNewDataStatus), (8 bytes).
    Removing dl_mcan.o(.text.DL_MCAN_readMsgRam), (300 bytes).
    Removing dl_mcan.o(.ARM.exidx.text.DL_MCAN_readMsgRam), (8 bytes).
    Removing dl_mcan.o(.text.DL_MCAN_readTxEventFIFO), (96 bytes).
    Removing dl_mcan.o(.ARM.exidx.text.DL_MCAN_readTxEventFIFO), (8 bytes).
    Removing dl_mcan.o(.text.DL_MCAN_addStdMsgIDFilter), (44 bytes).
    Removing dl_mcan.o(.ARM.exidx.text.DL_MCAN_addStdMsgIDFilter), (8 bytes).
    Removing dl_mcan.o(.text.DL_MCAN_addExtMsgIDFilter), (44 bytes).
    Removing dl_mcan.o(.ARM.exidx.text.DL_MCAN_addExtMsgIDFilter), (8 bytes).
    Removing dl_mcan.o(.text.DL_MCAN_lpbkModeEnable), (96 bytes).
    Removing dl_mcan.o(.ARM.exidx.text.DL_MCAN_lpbkModeEnable), (8 bytes).
    Removing dl_mcan.o(.text.DL_MCAN_getErrCounters), (40 bytes).
    Removing dl_mcan.o(.ARM.exidx.text.DL_MCAN_getErrCounters), (8 bytes).
    Removing dl_mcan.o(.text.DL_MCAN_getProtocolStatus), (80 bytes).
    Removing dl_mcan.o(.ARM.exidx.text.DL_MCAN_getProtocolStatus), (8 bytes).
    Removing dl_mcan.o(.text.DL_MCAN_enableIntr), (28 bytes).
    Removing dl_mcan.o(.ARM.exidx.text.DL_MCAN_enableIntr), (8 bytes).
    Removing dl_mcan.o(.text.DL_MCAN_selectIntrLine), (28 bytes).
    Removing dl_mcan.o(.ARM.exidx.text.DL_MCAN_selectIntrLine), (8 bytes).
    Removing dl_mcan.o(.text.DL_MCAN_getIntrLineSelectStatus), (12 bytes).
    Removing dl_mcan.o(.ARM.exidx.text.DL_MCAN_getIntrLineSelectStatus), (8 bytes).
    Removing dl_mcan.o(.text.DL_MCAN_enableIntrLine), (28 bytes).
    Removing dl_mcan.o(.ARM.exidx.text.DL_MCAN_enableIntrLine), (8 bytes).
    Removing dl_mcan.o(.text.DL_MCAN_getIntrStatus), (12 bytes).
    Removing dl_mcan.o(.ARM.exidx.text.DL_MCAN_getIntrStatus), (8 bytes).
    Removing dl_mcan.o(.text.DL_MCAN_clearIntrStatus), (20 bytes).
    Removing dl_mcan.o(.ARM.exidx.text.DL_MCAN_clearIntrStatus), (8 bytes).
    Removing dl_mcan.o(.text.DL_MCAN_getHighPriorityMsgStatus), (44 bytes).
    Removing dl_mcan.o(.ARM.exidx.text.DL_MCAN_getHighPriorityMsgStatus), (8 bytes).
    Removing dl_mcan.o(.text.DL_MCAN_getRxFIFOStatus), (60 bytes).
    Removing dl_mcan.o(.ARM.exidx.text.DL_MCAN_getRxFIFOStatus), (8 bytes).
    Removing dl_mcan.o(.text.DL_MCAN_writeRxFIFOAck), (76 bytes).
    Removing dl_mcan.o(.ARM.exidx.text.DL_MCAN_writeRxFIFOAck), (8 bytes).
    Removing dl_mcan.o(.text.DL_MCAN_getTxFIFOQueStatus), (36 bytes).
    Removing dl_mcan.o(.ARM.exidx.text.DL_MCAN_getTxFIFOQueStatus), (8 bytes).
    Removing dl_mcan.o(.text.DL_MCAN_getTxBufReqPend), (12 bytes).
    Removing dl_mcan.o(.ARM.exidx.text.DL_MCAN_getTxBufReqPend), (8 bytes).
    Removing dl_mcan.o(.text.DL_MCAN_txBufCancellationReq), (52 bytes).
    Removing dl_mcan.o(.ARM.exidx.text.DL_MCAN_txBufCancellationReq), (8 bytes).
    Removing dl_mcan.o(.text.DL_MCAN_getTxBufTransmissionStatus), (12 bytes).
    Removing dl_mcan.o(.ARM.exidx.text.DL_MCAN_getTxBufTransmissionStatus), (8 bytes).
    Removing dl_mcan.o(.text.DL_MCAN_txBufCancellationStatus), (12 bytes).
    Removing dl_mcan.o(.ARM.exidx.text.DL_MCAN_txBufCancellationStatus), (8 bytes).
    Removing dl_mcan.o(.text.DL_MCAN_TXBufTransIntrEnable), (44 bytes).
    Removing dl_mcan.o(.ARM.exidx.text.DL_MCAN_TXBufTransIntrEnable), (8 bytes).
    Removing dl_mcan.o(.text.DL_MCAN_getTxBufCancellationIntrEnable), (44 bytes).
    Removing dl_mcan.o(.ARM.exidx.text.DL_MCAN_getTxBufCancellationIntrEnable), (8 bytes).
    Removing dl_mcan.o(.text.DL_MCAN_getTxEventFIFOStatus), (44 bytes).
    Removing dl_mcan.o(.ARM.exidx.text.DL_MCAN_getTxEventFIFOStatus), (8 bytes).
    Removing dl_mcan.o(.text.DL_MCAN_addClockStopRequest), (28 bytes).
    Removing dl_mcan.o(.ARM.exidx.text.DL_MCAN_addClockStopRequest), (8 bytes).
    Removing dl_mcan.o(.text.DL_MCAN_writeTxEventFIFOAck), (44 bytes).
    Removing dl_mcan.o(.ARM.exidx.text.DL_MCAN_writeTxEventFIFOAck), (8 bytes).
    Removing dl_mcan.o(.text.DL_MCAN_eccForceError), (148 bytes).
    Removing dl_mcan.o(.ARM.exidx.text.DL_MCAN_eccForceError), (8 bytes).
    Removing dl_mcan.o(.text.DL_MCAN_eccGetErrorStatus), (92 bytes).
    Removing dl_mcan.o(.ARM.exidx.text.DL_MCAN_eccGetErrorStatus), (8 bytes).
    Removing dl_mcan.o(.text.DL_MCAN_eccClearErrorStatus), (72 bytes).
    Removing dl_mcan.o(.ARM.exidx.text.DL_MCAN_eccClearErrorStatus), (8 bytes).
    Removing dl_mcan.o(.text.DL_MCAN_eccWriteEOI), (36 bytes).
    Removing dl_mcan.o(.ARM.exidx.text.DL_MCAN_eccWriteEOI), (8 bytes).
    Removing dl_mcan.o(.text.DL_MCAN_eccEnableIntr), (74 bytes).
    Removing dl_mcan.o(.ARM.exidx.text.DL_MCAN_eccEnableIntr), (8 bytes).
    Removing dl_mcan.o(.text.DL_MCAN_eccGetIntrStatus), (36 bytes).
    Removing dl_mcan.o(.ARM.exidx.text.DL_MCAN_eccGetIntrStatus), (8 bytes).
    Removing dl_mcan.o(.text.DL_MCAN_eccClearIntrStatus), (36 bytes).
    Removing dl_mcan.o(.ARM.exidx.text.DL_MCAN_eccClearIntrStatus), (8 bytes).
    Removing dl_mcan.o(.text.DL_MCAN_extTSCounterConfig), (24 bytes).
    Removing dl_mcan.o(.ARM.exidx.text.DL_MCAN_extTSCounterConfig), (8 bytes).
    Removing dl_mcan.o(.text.DL_MCAN_extTSCounterEnable), (28 bytes).
    Removing dl_mcan.o(.ARM.exidx.text.DL_MCAN_extTSCounterEnable), (8 bytes).
    Removing dl_mcan.o(.text.DL_MCAN_extTSEnableIntr), (32 bytes).
    Removing dl_mcan.o(.ARM.exidx.text.DL_MCAN_extTSEnableIntr), (8 bytes).
    Removing dl_mcan.o(.text.DL_MCAN_extTSWriteEOI), (20 bytes).
    Removing dl_mcan.o(.ARM.exidx.text.DL_MCAN_extTSWriteEOI), (8 bytes).
    Removing dl_mcan.o(.text.DL_MCAN_extTSGetUnservicedIntrCount), (16 bytes).
    Removing dl_mcan.o(.ARM.exidx.text.DL_MCAN_extTSGetUnservicedIntrCount), (8 bytes).
    Removing dl_mcan.o(.text.DL_MCAN_getRevisionId), (68 bytes).
    Removing dl_mcan.o(.ARM.exidx.text.DL_MCAN_getRevisionId), (8 bytes).
    Removing dl_mcan.o(.text.DL_MCAN_getClockStopAck), (16 bytes).
    Removing dl_mcan.o(.ARM.exidx.text.DL_MCAN_getClockStopAck), (8 bytes).
    Removing dl_mcan.o(.text.DL_MCAN_extTSSetRawStatus), (16 bytes).
    Removing dl_mcan.o(.ARM.exidx.text.DL_MCAN_extTSSetRawStatus), (8 bytes).
    Removing dl_mcan.o(.text.DL_MCAN_extTSClearRawStatus), (16 bytes).
    Removing dl_mcan.o(.ARM.exidx.text.DL_MCAN_extTSClearRawStatus), (8 bytes).
    Removing dl_mcan.o(.text.DL_MCAN_getRxPinState), (16 bytes).
    Removing dl_mcan.o(.ARM.exidx.text.DL_MCAN_getRxPinState), (8 bytes).
    Removing dl_mcan.o(.text.DL_MCAN_setTxPinState), (48 bytes).
    Removing dl_mcan.o(.ARM.exidx.text.DL_MCAN_setTxPinState), (8 bytes).
    Removing dl_mcan.o(.text.DL_MCAN_getTxPinState), (16 bytes).
    Removing dl_mcan.o(.ARM.exidx.text.DL_MCAN_getTxPinState), (8 bytes).
    Removing dl_mcan.o(.text.DL_MCAN_getTSCounterVal), (12 bytes).
    Removing dl_mcan.o(.ARM.exidx.text.DL_MCAN_getTSCounterVal), (8 bytes).
    Removing dl_mcan.o(.text.DL_MCAN_getClkStopAck), (16 bytes).
    Removing dl_mcan.o(.ARM.exidx.text.DL_MCAN_getClkStopAck), (8 bytes).
    Removing dl_mcan.o(.text.DL_MCAN_getBitTime), (76 bytes).
    Removing dl_mcan.o(.ARM.exidx.text.DL_MCAN_getBitTime), (8 bytes).
    Removing dl_mcan.o(.text.DL_MCAN_resetTSCounter), (20 bytes).
    Removing dl_mcan.o(.ARM.exidx.text.DL_MCAN_resetTSCounter), (8 bytes).
    Removing dl_mcan.o(.text.DL_MCAN_getTOCounterVal), (12 bytes).
    Removing dl_mcan.o(.ARM.exidx.text.DL_MCAN_getTOCounterVal), (8 bytes).
    Removing dl_mcan.o(.text.DL_MCAN_eccAggrGetRevisionId), (32 bytes).
    Removing dl_mcan.o(.ARM.exidx.text.DL_MCAN_eccAggrGetRevisionId), (8 bytes).
    Removing dl_mcan.o(.text.DL_MCAN_eccWrapGetRevisionId), (60 bytes).
    Removing dl_mcan.o(.ARM.exidx.text.DL_MCAN_eccWrapGetRevisionId), (8 bytes).
    Removing dl_mcan.o(.text.DL_MCAN_extTSIsIntrEnable), (16 bytes).
    Removing dl_mcan.o(.ARM.exidx.text.DL_MCAN_extTSIsIntrEnable), (8 bytes).
    Removing dl_mcan.o(.text.DL_MCAN_getEndianVal), (12 bytes).
    Removing dl_mcan.o(.ARM.exidx.text.DL_MCAN_getEndianVal), (8 bytes).
    Removing dl_mcan.o(.text.DL_MCAN_getExtIDANDMask), (16 bytes).
    Removing dl_mcan.o(.ARM.exidx.text.DL_MCAN_getExtIDANDMask), (8 bytes).
    Removing dl_mcan.o(.text.DL_MCAN_saveConfiguration), (232 bytes).
    Removing dl_mcan.o(.ARM.exidx.text.DL_MCAN_saveConfiguration), (8 bytes).
    Removing dl_mcan.o(.text.DL_MCAN_restoreConfiguration), (276 bytes).
    Removing dl_mcan.o(.ARM.exidx.text.DL_MCAN_restoreConfiguration), (8 bytes).
    Removing dl_mcan.o(.rodata..L__const.DL_MCAN_getDataSize.dataSize), (64 bytes).
    Removing dl_mcan.o(.rodata.cst32), (32 bytes).
    Removing dl_mathacl.o(.text), (0 bytes).
    Removing dl_mathacl.o(.text.DL_MathACL_configOperation), (38 bytes).
    Removing dl_mathacl.o(.ARM.exidx.text.DL_MathACL_configOperation), (8 bytes).
    Removing dl_lfss.o(.text), (0 bytes).
    Removing dl_lcd.o(.text), (0 bytes).
    Removing dl_keystorectl.o(.text), (0 bytes).
    Removing dl_i2c.o(.text), (0 bytes).
    Removing dl_i2c.o(.text.DL_I2C_setClockConfig), (38 bytes).
    Removing dl_i2c.o(.ARM.exidx.text.DL_I2C_setClockConfig), (8 bytes).
    Removing dl_i2c.o(.text.DL_I2C_getClockConfig), (26 bytes).
    Removing dl_i2c.o(.ARM.exidx.text.DL_I2C_getClockConfig), (8 bytes).
    Removing dl_i2c.o(.text.DL_I2C_fillControllerTXFIFO), (44 bytes).
    Removing dl_i2c.o(.ARM.exidx.text.DL_I2C_fillControllerTXFIFO), (8 bytes).
    Removing dl_i2c.o(.text.DL_I2C_flushControllerTXFIFO), (40 bytes).
    Removing dl_i2c.o(.ARM.exidx.text.DL_I2C_flushControllerTXFIFO), (8 bytes).
    Removing dl_i2c.o(.text.DL_I2C_flushControllerRXFIFO), (32 bytes).
    Removing dl_i2c.o(.ARM.exidx.text.DL_I2C_flushControllerRXFIFO), (8 bytes).
    Removing dl_i2c.o(.text.DL_I2C_fillTargetTXFIFO), (48 bytes).
    Removing dl_i2c.o(.ARM.exidx.text.DL_I2C_fillTargetTXFIFO), (8 bytes).
    Removing dl_i2c.o(.text.DL_I2C_flushTargetTXFIFO), (40 bytes).
    Removing dl_i2c.o(.ARM.exidx.text.DL_I2C_flushTargetTXFIFO), (8 bytes).
    Removing dl_i2c.o(.text.DL_I2C_flushTargetRXFIFO), (32 bytes).
    Removing dl_i2c.o(.ARM.exidx.text.DL_I2C_flushTargetRXFIFO), (8 bytes).
    Removing dl_i2c.o(.text.DL_I2C_transmitTargetDataBlocking), (20 bytes).
    Removing dl_i2c.o(.ARM.exidx.text.DL_I2C_transmitTargetDataBlocking), (8 bytes).
    Removing dl_i2c.o(.text.DL_I2C_transmitTargetDataCheck), (36 bytes).
    Removing dl_i2c.o(.ARM.exidx.text.DL_I2C_transmitTargetDataCheck), (8 bytes).
    Removing dl_i2c.o(.text.DL_I2C_receiveTargetDataBlocking), (20 bytes).
    Removing dl_i2c.o(.ARM.exidx.text.DL_I2C_receiveTargetDataBlocking), (8 bytes).
    Removing dl_i2c.o(.text.DL_I2C_receiveTargetDataCheck), (32 bytes).
    Removing dl_i2c.o(.ARM.exidx.text.DL_I2C_receiveTargetDataCheck), (8 bytes).
    Removing dl_flashctl.o(.text), (0 bytes).
    Removing dl_flashctl.o(.text.DL_FlashCTL_eraseMemory), (22 bytes).
    Removing dl_flashctl.o(.ARM.exidx.text.DL_FlashCTL_eraseMemory), (8 bytes).
    Removing dl_flashctl.o(.text.DL_FlashCTL_eraseMemoryFromRAM), (24 bytes).
    Removing dl_flashctl.o(.ARM.exidx.text.DL_FlashCTL_eraseMemoryFromRAM), (8 bytes).
    Removing dl_flashctl.o(.ramfunc), (28 bytes).
    Removing dl_flashctl.o(.ARM.exidx.ramfunc), (8 bytes).
    Removing dl_flashctl.o(.text.DL_FlashCTL_massErase), (140 bytes).
    Removing dl_flashctl.o(.ARM.exidx.text.DL_FlashCTL_massErase), (8 bytes).
    Removing dl_flashctl.o(.text.DL_FlashCTL_unprotectMainMemory), (20 bytes).
    Removing dl_flashctl.o(.ARM.exidx.text.DL_FlashCTL_unprotectMainMemory), (8 bytes).
    Removing dl_flashctl.o(.text.DL_FlashCTL_protectNonMainMemory), (16 bytes).
    Removing dl_flashctl.o(.ARM.exidx.text.DL_FlashCTL_protectNonMainMemory), (8 bytes).
    Removing dl_flashctl.o(.text.DL_FlashCTL_eraseDataBank), (64 bytes).
    Removing dl_flashctl.o(.ARM.exidx.text.DL_FlashCTL_eraseDataBank), (8 bytes).
    Removing dl_flashctl.o(.text.DL_FlashCTL_massEraseFromRAM), (112 bytes).
    Removing dl_flashctl.o(.ARM.exidx.text.DL_FlashCTL_massEraseFromRAM), (8 bytes).
    Removing dl_flashctl.o(.text.DL_FlashCTL_eraseDataBankFromRAM), (44 bytes).
    Removing dl_flashctl.o(.ARM.exidx.text.DL_FlashCTL_eraseDataBankFromRAM), (8 bytes).
    Removing dl_flashctl.o(.text.DL_FlashCTL_massEraseMultiBank), (316 bytes).
    Removing dl_flashctl.o(.ARM.exidx.text.DL_FlashCTL_massEraseMultiBank), (8 bytes).
    Removing dl_flashctl.o(.text.DL_FlashCTL_factoryReset), (180 bytes).
    Removing dl_flashctl.o(.ARM.exidx.text.DL_FlashCTL_factoryReset), (8 bytes).
    Removing dl_flashctl.o(.text.DL_FlashCTL_unprotectNonMainMemory), (12 bytes).
    Removing dl_flashctl.o(.ARM.exidx.text.DL_FlashCTL_unprotectNonMainMemory), (8 bytes).
    Removing dl_flashctl.o(.text.DL_FlashCTL_factoryResetFromRAM), (136 bytes).
    Removing dl_flashctl.o(.ARM.exidx.text.DL_FlashCTL_factoryResetFromRAM), (8 bytes).
    Removing dl_flashctl.o(.text.DL_FlashCTL_factoryResetMultiBank), (76 bytes).
    Removing dl_flashctl.o(.ARM.exidx.text.DL_FlashCTL_factoryResetMultiBank), (8 bytes).
    Removing dl_flashctl.o(.text.DL_FlashCTL_programMemory8), (24 bytes).
    Removing dl_flashctl.o(.ARM.exidx.text.DL_FlashCTL_programMemory8), (8 bytes).
    Removing dl_flashctl.o(.text.DL_FlashCTL_programMemoryFromRAM8), (28 bytes).
    Removing dl_flashctl.o(.ARM.exidx.text.DL_FlashCTL_programMemoryFromRAM8), (8 bytes).
    Removing dl_flashctl.o(.text.DL_FlashCTL_programMemory16), (26 bytes).
    Removing dl_flashctl.o(.ARM.exidx.text.DL_FlashCTL_programMemory16), (8 bytes).
    Removing dl_flashctl.o(.text.DL_FlashCTL_programMemoryFromRAM16), (32 bytes).
    Removing dl_flashctl.o(.ARM.exidx.text.DL_FlashCTL_programMemoryFromRAM16), (8 bytes).
    Removing dl_flashctl.o(.text.DL_FlashCTL_programMemory32), (26 bytes).
    Removing dl_flashctl.o(.ARM.exidx.text.DL_FlashCTL_programMemory32), (8 bytes).
    Removing dl_flashctl.o(.text.DL_FlashCTL_programMemoryFromRAM32), (32 bytes).
    Removing dl_flashctl.o(.ARM.exidx.text.DL_FlashCTL_programMemoryFromRAM32), (8 bytes).
    Removing dl_flashctl.o(.text.DL_FlashCTL_programMemory64), (30 bytes).
    Removing dl_flashctl.o(.ARM.exidx.text.DL_FlashCTL_programMemory64), (8 bytes).
    Removing dl_flashctl.o(.text.DL_FlashCTL_programMemoryFromRAM64), (36 bytes).
    Removing dl_flashctl.o(.ARM.exidx.text.DL_FlashCTL_programMemoryFromRAM64), (8 bytes).
    Removing dl_flashctl.o(.text.DL_FlashCTL_programMemory8WithECCGenerated), (28 bytes).
    Removing dl_flashctl.o(.ARM.exidx.text.DL_FlashCTL_programMemory8WithECCGenerated), (8 bytes).
    Removing dl_flashctl.o(.text.DL_FlashCTL_programMemoryFromRAM8WithECCGenerated), (32 bytes).
    Removing dl_flashctl.o(.ARM.exidx.text.DL_FlashCTL_programMemoryFromRAM8WithECCGenerated), (8 bytes).
    Removing dl_flashctl.o(.text.DL_FlashCTL_programMemory16WithECCGenerated), (28 bytes).
    Removing dl_flashctl.o(.ARM.exidx.text.DL_FlashCTL_programMemory16WithECCGenerated), (8 bytes).
    Removing dl_flashctl.o(.text.DL_FlashCTL_programMemoryFromRAM16WithECCGenerated), (32 bytes).
    Removing dl_flashctl.o(.ARM.exidx.text.DL_FlashCTL_programMemoryFromRAM16WithECCGenerated), (8 bytes).
    Removing dl_flashctl.o(.text.DL_FlashCTL_programMemory32WithECCGenerated), (28 bytes).
    Removing dl_flashctl.o(.ARM.exidx.text.DL_FlashCTL_programMemory32WithECCGenerated), (8 bytes).
    Removing dl_flashctl.o(.text.DL_FlashCTL_programMemoryFromRAM32WithECCGenerated), (32 bytes).
    Removing dl_flashctl.o(.ARM.exidx.text.DL_FlashCTL_programMemoryFromRAM32WithECCGenerated), (8 bytes).
    Removing dl_flashctl.o(.text.DL_FlashCTL_programMemory64WithECCGenerated), (36 bytes).
    Removing dl_flashctl.o(.ARM.exidx.text.DL_FlashCTL_programMemory64WithECCGenerated), (8 bytes).
    Removing dl_flashctl.o(.text.DL_FlashCTL_programMemoryFromRAM64WithECCGenerated), (40 bytes).
    Removing dl_flashctl.o(.ARM.exidx.text.DL_FlashCTL_programMemoryFromRAM64WithECCGenerated), (8 bytes).
    Removing dl_flashctl.o(.text.DL_FlashCTL_programMemory8WithECCManual), (40 bytes).
    Removing dl_flashctl.o(.ARM.exidx.text.DL_FlashCTL_programMemory8WithECCManual), (8 bytes).
    Removing dl_flashctl.o(.text.DL_FlashCTL_programMemoryFromRAM8WithECCManual), (44 bytes).
    Removing dl_flashctl.o(.ARM.exidx.text.DL_FlashCTL_programMemoryFromRAM8WithECCManual), (8 bytes).
    Removing dl_flashctl.o(.text.DL_FlashCTL_programMemory16WithECCManual), (40 bytes).
    Removing dl_flashctl.o(.ARM.exidx.text.DL_FlashCTL_programMemory16WithECCManual), (8 bytes).
    Removing dl_flashctl.o(.text.DL_FlashCTL_programMemoryFromRAM16WithECCManual), (44 bytes).
    Removing dl_flashctl.o(.ARM.exidx.text.DL_FlashCTL_programMemoryFromRAM16WithECCManual), (8 bytes).
    Removing dl_flashctl.o(.text.DL_FlashCTL_programMemory32WithECCManual), (40 bytes).
    Removing dl_flashctl.o(.ARM.exidx.text.DL_FlashCTL_programMemory32WithECCManual), (8 bytes).
    Removing dl_flashctl.o(.text.DL_FlashCTL_programMemoryFromRAM32WithECCManual), (44 bytes).
    Removing dl_flashctl.o(.ARM.exidx.text.DL_FlashCTL_programMemoryFromRAM32WithECCManual), (8 bytes).
    Removing dl_flashctl.o(.text.DL_FlashCTL_programMemory64WithECCManual), (44 bytes).
    Removing dl_flashctl.o(.ARM.exidx.text.DL_FlashCTL_programMemory64WithECCManual), (8 bytes).
    Removing dl_flashctl.o(.text.DL_FlashCTL_programMemoryFromRAM64WithECCManual), (48 bytes).
    Removing dl_flashctl.o(.ARM.exidx.text.DL_FlashCTL_programMemoryFromRAM64WithECCManual), (8 bytes).
    Removing dl_flashctl.o(.text.DL_FlashCTL_programMemoryBlocking64WithECCGenerated), (116 bytes).
    Removing dl_flashctl.o(.ARM.exidx.text.DL_FlashCTL_programMemoryBlocking64WithECCGenerated), (8 bytes).
    Removing dl_flashctl.o(.text.DL_FlashCTL_unprotectSector), (240 bytes).
    Removing dl_flashctl.o(.ARM.exidx.text.DL_FlashCTL_unprotectSector), (8 bytes).
    Removing dl_flashctl.o(.text.DL_FlashCTL_programMemoryBlockingFromRAM64WithECCGenerated), (100 bytes).
    Removing dl_flashctl.o(.ARM.exidx.text.DL_FlashCTL_programMemoryBlockingFromRAM64WithECCGenerated), (8 bytes).
    Removing dl_flashctl.o(.text.DL_FlashCTL_programMemoryBlocking64WithECCManual), (148 bytes).
    Removing dl_flashctl.o(.ARM.exidx.text.DL_FlashCTL_programMemoryBlocking64WithECCManual), (8 bytes).
    Removing dl_flashctl.o(.text.DL_FlashCTL_programMemoryBlockingFromRAM64WithECCManual), (120 bytes).
    Removing dl_flashctl.o(.ARM.exidx.text.DL_FlashCTL_programMemoryBlockingFromRAM64WithECCManual), (8 bytes).
    Removing dl_flashctl.o(.text.DL_FlashCTL_programMemoryBlocking), (140 bytes).
    Removing dl_flashctl.o(.ARM.exidx.text.DL_FlashCTL_programMemoryBlocking), (8 bytes).
    Removing dl_flashctl.o(.text.DL_FlashCTL_programMemoryFromRAM), (120 bytes).
    Removing dl_flashctl.o(.ARM.exidx.text.DL_FlashCTL_programMemoryFromRAM), (8 bytes).
    Removing dl_flashctl.o(.text.DL_FlashCTL_unprotectDataMemory), (20 bytes).
    Removing dl_flashctl.o(.ARM.exidx.text.DL_FlashCTL_unprotectDataMemory), (8 bytes).
    Removing dl_flashctl.o(.text.DL_FlashCTL_protectMainMemory), (20 bytes).
    Removing dl_flashctl.o(.ARM.exidx.text.DL_FlashCTL_protectMainMemory), (8 bytes).
    Removing dl_flashctl.o(.text.DL_FlashCTL_unprotectAllMemory), (24 bytes).
    Removing dl_flashctl.o(.ARM.exidx.text.DL_FlashCTL_unprotectAllMemory), (8 bytes).
    Removing dl_flashctl.o(.text.DL_FlashCTL_protectAllMemory), (28 bytes).
    Removing dl_flashctl.o(.ARM.exidx.text.DL_FlashCTL_protectAllMemory), (8 bytes).
    Removing dl_flashctl.o(.text.DL_FlashCTL_protectSector), (240 bytes).
    Removing dl_flashctl.o(.ARM.exidx.text.DL_FlashCTL_protectSector), (8 bytes).
    Removing dl_flashctl.o(.text.DL_FlashCTL_readVerify8), (26 bytes).
    Removing dl_flashctl.o(.ARM.exidx.text.DL_FlashCTL_readVerify8), (8 bytes).
    Removing dl_flashctl.o(.text.DL_FlashCTL_readVerify16), (26 bytes).
    Removing dl_flashctl.o(.ARM.exidx.text.DL_FlashCTL_readVerify16), (8 bytes).
    Removing dl_flashctl.o(.text.DL_FlashCTL_readVerify32), (28 bytes).
    Removing dl_flashctl.o(.ARM.exidx.text.DL_FlashCTL_readVerify32), (8 bytes).
    Removing dl_flashctl.o(.text.DL_FlashCTL_readVerify64), (32 bytes).
    Removing dl_flashctl.o(.ARM.exidx.text.DL_FlashCTL_readVerify64), (8 bytes).
    Removing dl_flashctl.o(.text.DL_FlashCTL_readVerifyFromRAM8), (32 bytes).
    Removing dl_flashctl.o(.ARM.exidx.text.DL_FlashCTL_readVerifyFromRAM8), (8 bytes).
    Removing dl_flashctl.o(.text.DL_FlashCTL_readVerifyFromRAM16), (28 bytes).
    Removing dl_flashctl.o(.ARM.exidx.text.DL_FlashCTL_readVerifyFromRAM16), (8 bytes).
    Removing dl_flashctl.o(.text.DL_FlashCTL_readVerifyFromRAM32), (32 bytes).
    Removing dl_flashctl.o(.ARM.exidx.text.DL_FlashCTL_readVerifyFromRAM32), (8 bytes).
    Removing dl_flashctl.o(.text.DL_FlashCTL_readVerifyFromRAM64), (36 bytes).
    Removing dl_flashctl.o(.ARM.exidx.text.DL_FlashCTL_readVerifyFromRAM64), (8 bytes).
    Removing dl_flashctl.o(.text.DL_FlashCTL_readVerifyFromRAM8WithECCGenerated), (32 bytes).
    Removing dl_flashctl.o(.ARM.exidx.text.DL_FlashCTL_readVerifyFromRAM8WithECCGenerated), (8 bytes).
    Removing dl_flashctl.o(.text.DL_FlashCTL_readVerifyFromRAM16WithECCGenerated), (32 bytes).
    Removing dl_flashctl.o(.ARM.exidx.text.DL_FlashCTL_readVerifyFromRAM16WithECCGenerated), (8 bytes).
    Removing dl_flashctl.o(.text.DL_FlashCTL_readVerifyFromRAM32WithECCGenerated), (32 bytes).
    Removing dl_flashctl.o(.ARM.exidx.text.DL_FlashCTL_readVerifyFromRAM32WithECCGenerated), (8 bytes).
    Removing dl_flashctl.o(.text.DL_FlashCTL_readVerifyFromRAM64WithECCGenerated), (40 bytes).
    Removing dl_flashctl.o(.ARM.exidx.text.DL_FlashCTL_readVerifyFromRAM64WithECCGenerated), (8 bytes).
    Removing dl_flashctl.o(.text.DL_FlashCTL_readVerifyFromRAM8WithECCManual), (44 bytes).
    Removing dl_flashctl.o(.ARM.exidx.text.DL_FlashCTL_readVerifyFromRAM8WithECCManual), (8 bytes).
    Removing dl_flashctl.o(.text.DL_FlashCTL_readVerifyFromRAM16WithECCManual), (44 bytes).
    Removing dl_flashctl.o(.ARM.exidx.text.DL_FlashCTL_readVerifyFromRAM16WithECCManual), (8 bytes).
    Removing dl_flashctl.o(.text.DL_FlashCTL_readVerifyFromRAM32WithECCManual), (44 bytes).
    Removing dl_flashctl.o(.ARM.exidx.text.DL_FlashCTL_readVerifyFromRAM32WithECCManual), (8 bytes).
    Removing dl_flashctl.o(.text.DL_FlashCTL_readVerifyFromRAM64WithECCManual), (48 bytes).
    Removing dl_flashctl.o(.ARM.exidx.text.DL_FlashCTL_readVerifyFromRAM64WithECCManual), (8 bytes).
    Removing dl_flashctl.o(.text.DL_FlashCTL_readVerify8WithECCGenerated), (30 bytes).
    Removing dl_flashctl.o(.ARM.exidx.text.DL_FlashCTL_readVerify8WithECCGenerated), (8 bytes).
    Removing dl_flashctl.o(.text.DL_FlashCTL_readVerify16WithECCGenerated), (30 bytes).
    Removing dl_flashctl.o(.ARM.exidx.text.DL_FlashCTL_readVerify16WithECCGenerated), (8 bytes).
    Removing dl_flashctl.o(.text.DL_FlashCTL_readVerify32WithECCGenerated), (30 bytes).
    Removing dl_flashctl.o(.ARM.exidx.text.DL_FlashCTL_readVerify32WithECCGenerated), (8 bytes).
    Removing dl_flashctl.o(.text.DL_FlashCTL_readVerify64WithECCGenerated), (36 bytes).
    Removing dl_flashctl.o(.ARM.exidx.text.DL_FlashCTL_readVerify64WithECCGenerated), (8 bytes).
    Removing dl_flashctl.o(.text.DL_FlashCTL_readVerify8WithECCManual), (40 bytes).
    Removing dl_flashctl.o(.ARM.exidx.text.DL_FlashCTL_readVerify8WithECCManual), (8 bytes).
    Removing dl_flashctl.o(.text.DL_FlashCTL_readVerify16WithECCManual), (40 bytes).
    Removing dl_flashctl.o(.ARM.exidx.text.DL_FlashCTL_readVerify16WithECCManual), (8 bytes).
    Removing dl_flashctl.o(.text.DL_FlashCTL_readVerify32WithECCManual), (40 bytes).
    Removing dl_flashctl.o(.ARM.exidx.text.DL_FlashCTL_readVerify32WithECCManual), (8 bytes).
    Removing dl_flashctl.o(.text.DL_FlashCTL_readVerify64WithECCManual), (48 bytes).
    Removing dl_flashctl.o(.ARM.exidx.text.DL_FlashCTL_readVerify64WithECCManual), (8 bytes).
    Removing dl_flashctl.o(.text.DL_FlashCTL_blankVerify), (20 bytes).
    Removing dl_flashctl.o(.ARM.exidx.text.DL_FlashCTL_blankVerify), (8 bytes).
    Removing dl_flashctl.o(.text.DL_FlashCTL_blankVerifyFromRAM), (24 bytes).
    Removing dl_flashctl.o(.ARM.exidx.text.DL_FlashCTL_blankVerifyFromRAM), (8 bytes).
    Removing dl_dma.o(.text), (0 bytes).
    Removing dl_dma.o(.text.DL_DMA_initChannel), (68 bytes).
    Removing dl_dma.o(.ARM.exidx.text.DL_DMA_initChannel), (8 bytes).
    Removing dl_dac12.o(.text), (0 bytes).
    Removing dl_dac12.o(.text.DL_DAC12_init), (136 bytes).
    Removing dl_dac12.o(.ARM.exidx.text.DL_DAC12_init), (8 bytes).
    Removing dl_dac12.o(.text.DL_DAC12_outputBlocking8), (24 bytes).
    Removing dl_dac12.o(.ARM.exidx.text.DL_DAC12_outputBlocking8), (8 bytes).
    Removing dl_dac12.o(.text.DL_DAC12_outputBlocking12), (32 bytes).
    Removing dl_dac12.o(.ARM.exidx.text.DL_DAC12_outputBlocking12), (8 bytes).
    Removing dl_dac12.o(.text.DL_DAC12_fillFIFO8), (48 bytes).
    Removing dl_dac12.o(.ARM.exidx.text.DL_DAC12_fillFIFO8), (8 bytes).
    Removing dl_dac12.o(.text.DL_DAC12_fillFIFO12), (56 bytes).
    Removing dl_dac12.o(.ARM.exidx.text.DL_DAC12_fillFIFO12), (8 bytes).
    Removing dl_dac12.o(.text.DL_DAC12_performSelfCalibrationBlocking), (18 bytes).
    Removing dl_dac12.o(.ARM.exidx.text.DL_DAC12_performSelfCalibrationBlocking), (8 bytes).
    Removing dl_crcp.o(.text), (0 bytes).
    Removing dl_crc.o(.text), (0 bytes).
    Removing dl_crc.o(.text.DL_CRC_calculateBlock32), (28 bytes).
    Removing dl_crc.o(.ARM.exidx.text.DL_CRC_calculateBlock32), (8 bytes).
    Removing dl_crc.o(.text.DL_CRC_calculateMemoryRange32), (28 bytes).
    Removing dl_crc.o(.ARM.exidx.text.DL_CRC_calculateMemoryRange32), (8 bytes).
    Removing dl_crc.o(.text.DL_CRC_calculateBlock16), (60 bytes).
    Removing dl_crc.o(.ARM.exidx.text.DL_CRC_calculateBlock16), (8 bytes).
    Removing dl_crc.o(.text.DL_CRC_calculateMemoryRange16), (60 bytes).
    Removing dl_crc.o(.ARM.exidx.text.DL_CRC_calculateMemoryRange16), (8 bytes).
    Removing dl_common.o(.text), (0 bytes).
    Removing dl_common.o(.ARM.exidx.text.DL_Common_delayCycles), (8 bytes).
    Removing dl_aesadv.o(.text), (0 bytes).
    Removing dl_aes.o(.text), (0 bytes).
    Removing dl_aes.o(.text.DL_AES_setKey), (68 bytes).
    Removing dl_aes.o(.ARM.exidx.text.DL_AES_setKey), (8 bytes).
    Removing dl_aes.o(.text.DL_AES_setKeyAligned), (52 bytes).
    Removing dl_aes.o(.ARM.exidx.text.DL_AES_setKeyAligned), (8 bytes).
    Removing dl_aes.o(.text.DL_AES_loadDataIn), (40 bytes).
    Removing dl_aes.o(.ARM.exidx.text.DL_AES_loadDataIn), (8 bytes).
    Removing dl_aes.o(.text.DL_AES_loadDataInAligned), (24 bytes).
    Removing dl_aes.o(.ARM.exidx.text.DL_AES_loadDataInAligned), (8 bytes).
    Removing dl_aes.o(.text.DL_AES_getDataOut), (36 bytes).
    Removing dl_aes.o(.ARM.exidx.text.DL_AES_getDataOut), (8 bytes).
    Removing dl_aes.o(.text.DL_AES_getDataOutAligned), (24 bytes).
    Removing dl_aes.o(.ARM.exidx.text.DL_AES_getDataOutAligned), (8 bytes).
    Removing dl_aes.o(.text.DL_AES_loadXORDataIn), (40 bytes).
    Removing dl_aes.o(.ARM.exidx.text.DL_AES_loadXORDataIn), (8 bytes).
    Removing dl_aes.o(.text.DL_AES_loadXORDataInAligned), (24 bytes).
    Removing dl_aes.o(.ARM.exidx.text.DL_AES_loadXORDataInAligned), (8 bytes).
    Removing dl_aes.o(.text.DL_AES_loadXORDataInWithoutTrigger), (40 bytes).
    Removing dl_aes.o(.ARM.exidx.text.DL_AES_loadXORDataInWithoutTrigger), (8 bytes).
    Removing dl_aes.o(.text.DL_AES_loadXORDataInWithoutTriggerAligned), (24 bytes).
    Removing dl_aes.o(.ARM.exidx.text.DL_AES_loadXORDataInWithoutTriggerAligned), (8 bytes).
    Removing dl_aes.o(.text.DL_AES_xorData), (58 bytes).
    Removing dl_aes.o(.ARM.exidx.text.DL_AES_xorData), (8 bytes).
    Removing dl_aes.o(.text.DL_AES_xorDataAligned), (36 bytes).
    Removing dl_aes.o(.ARM.exidx.text.DL_AES_xorDataAligned), (8 bytes).
    Removing dl_aes.o(.text.DL_AES_saveConfiguration), (60 bytes).
    Removing dl_aes.o(.ARM.exidx.text.DL_AES_saveConfiguration), (8 bytes).
    Removing dl_aes.o(.text.DL_AES_restoreConfiguration), (60 bytes).
    Removing dl_aes.o(.ARM.exidx.text.DL_AES_restoreConfiguration), (8 bytes).
    Removing dl_adc12.o(.text), (0 bytes).
    Removing dl_adc12.o(.text.DL_ADC12_setClockConfig), (64 bytes).
    Removing dl_adc12.o(.ARM.exidx.text.DL_ADC12_setClockConfig), (8 bytes).
    Removing dl_adc12.o(.text.DL_ADC12_getClockConfig), (40 bytes).
    Removing dl_adc12.o(.ARM.exidx.text.DL_ADC12_getClockConfig), (8 bytes).

705 unused section(s) (total 29439 bytes) removed from the image.

==============================================================================

Image Symbol Table

    Local Symbols

    Symbol Name                              Value     Ov Type        Size  Object(Section)

    ../clib/angel/boardlib.s                 0x00000000   Number         0  boardinit1.o ABSOLUTE
    ../clib/angel/boardlib.s                 0x00000000   Number         0  boardinit2.o ABSOLUTE
    ../clib/angel/boardlib.s                 0x00000000   Number         0  boardinit3.o ABSOLUTE
    ../clib/angel/boardlib.s                 0x00000000   Number         0  boardshut.o ABSOLUTE
    ../clib/angel/handlers.s                 0x00000000   Number         0  __scatter_zi.o ABSOLUTE
    ../clib/angel/kernel.s                   0x00000000   Number         0  __rtentry.o ABSOLUTE
    ../clib/angel/kernel.s                   0x00000000   Number         0  __rtentry2.o ABSOLUTE
    ../clib/angel/kernel.s                   0x00000000   Number         0  __rtentry4.o ABSOLUTE
    ../clib/angel/kernel.s                   0x00000000   Number         0  rtexit.o ABSOLUTE
    ../clib/angel/kernel.s                   0x00000000   Number         0  rtexit2.o ABSOLUTE
    ../clib/angel/rt.s                       0x00000000   Number         0  aeabi_idiv0.o ABSOLUTE
    ../clib/angel/rt.s                       0x00000000   Number         0  aeabi_idiv0_sigfpe.o ABSOLUTE
    ../clib/angel/rt.s                       0x00000000   Number         0  rt_div0.o ABSOLUTE
    ../clib/angel/rt.s                       0x00000000   Number         0  rt_raise.o ABSOLUTE
    ../clib/angel/scatterp.s                 0x00000000   Number         0  __scatter.o ABSOLUTE
    ../clib/angel/startup.s                  0x00000000   Number         0  __main.o ABSOLUTE
    ../clib/angel/sys.s                      0x00000000   Number         0  sys_stackheap_outer.o ABSOLUTE
    ../clib/angel/sys.s                      0x00000000   Number         0  libspace.o ABSOLUTE
    ../clib/angel/sys.s                      0x00000000   Number         0  tempstk.o ABSOLUTE
    ../clib/angel/sys.s                      0x00000000   Number         0  use_no_semi.o ABSOLUTE
    ../clib/angel/sys.s                      0x00000000   Number         0  indicate_semi.o ABSOLUTE
    ../clib/angel/sysapp.c                   0x00000000   Number         0  sys_wrch.o ABSOLUTE
    ../clib/angel/sysapp.c                   0x00000000   Number         0  sys_wrch_hlt.o ABSOLUTE
    ../clib/angel/sysapp.c                   0x00000000   Number         0  sys_command.o ABSOLUTE
    ../clib/angel/sysapp.c                   0x00000000   Number         0  sys_command_hlt.o ABSOLUTE
    ../clib/armsys.c                         0x00000000   Number         0  argv_veneer.o ABSOLUTE
    ../clib/armsys.c                         0x00000000   Number         0  _get_argv_nomalloc.o ABSOLUTE
    ../clib/armsys.c                         0x00000000   Number         0  no_argv.o ABSOLUTE
    ../clib/division.s                       0x00000000   Number         0  aeabi_sdivfast.o ABSOLUTE
    ../clib/division.s                       0x00000000   Number         0  aeabi_sdivfast_div0.o ABSOLUTE
    ../clib/heapalloc.c                      0x00000000   Number         0  hrguard.o ABSOLUTE
    ../clib/heapaux.c                        0x00000000   Number         0  heapauxi.o ABSOLUTE
    ../clib/libinit.s                        0x00000000   Number         0  libinit.o ABSOLUTE
    ../clib/libinit.s                        0x00000000   Number         0  libinit2.o ABSOLUTE
    ../clib/libinit.s                        0x00000000   Number         0  libshutdown.o ABSOLUTE
    ../clib/libinit.s                        0x00000000   Number         0  libshutdown2.o ABSOLUTE
    ../clib/signal.c                         0x00000000   Number         0  defsig_fpe_outer.o ABSOLUTE
    ../clib/signal.c                         0x00000000   Number         0  defsig_fpe_formal.o ABSOLUTE
    ../clib/signal.c                         0x00000000   Number         0  defsig_exit.o ABSOLUTE
    ../clib/signal.c                         0x00000000   Number         0  defsig_fpe_inner.o ABSOLUTE
    ../clib/signal.c                         0x00000000   Number         0  __raise.o ABSOLUTE
    ../clib/signal.c                         0x00000000   Number         0  defsig_general.o ABSOLUTE
    ../clib/signal.c                         0x00000000   Number         0  defsig_abrt_inner.o ABSOLUTE
    ../clib/signal.c                         0x00000000   Number         0  defsig_rtred_inner.o ABSOLUTE
    ../clib/signal.c                         0x00000000   Number         0  defsig_rtmem_inner.o ABSOLUTE
    ../clib/signal.c                         0x00000000   Number         0  defsig_rtmem_outer.o ABSOLUTE
    ../clib/signal.c                         0x00000000   Number         0  defsig_rtmem_formal.o ABSOLUTE
    ../clib/signal.c                         0x00000000   Number         0  defsig_stak_inner.o ABSOLUTE
    ../clib/signal.c                         0x00000000   Number         0  defsig_pvfn_inner.o ABSOLUTE
    ../clib/signal.c                         0x00000000   Number         0  defsig_cppl_inner.o ABSOLUTE
    ../clib/signal.c                         0x00000000   Number         0  defsig_segv_inner.o ABSOLUTE
    ../clib/signal.c                         0x00000000   Number         0  defsig_other.o ABSOLUTE
    ../clib/signal.s                         0x00000000   Number         0  defsig.o ABSOLUTE
    ../clib/stdio.c                          0x00000000   Number         0  puts.o ABSOLUTE
    ../clib/stdlib.c                         0x00000000   Number         0  exit.o ABSOLUTE
    ../fplib/cfplib/ffix.c                   0x00000000   Number         0  ffixi.o ABSOLUTE
    ../fplib/cfplib/ffix.c                   0x00000000   Number         0  ffixui.o ABSOLUTE
    ../fplib/cfplib/fflt.c                   0x00000000   Number         0  fflti.o ABSOLUTE
    ../fplib/cfplib/fpinit.c                 0x00000000   Number         0  fpinit.o ABSOLUTE
    ../fplib/faddsub6m.s                     0x00000000   Number         0  faddsub.o ABSOLUTE
    ../fplib/fmul6m.s                        0x00000000   Number         0  fmul.o ABSOLUTE
    ../fplib/usenofp.s                       0x00000000   Number         0  usenofp.o ABSOLUTE
    Contorl.c                                0x00000000   Number         0  contorl.o ABSOLUTE
    Encoder.c                                0x00000000   Number         0  encoder.o ABSOLUTE
    Motor.c                                  0x00000000   Number         0  motor.o ABSOLUTE
    PWM.c                                    0x00000000   Number         0  pwm.o ABSOLUTE
    UART.c                                   0x00000000   Number         0  uart.o ABSOLUTE
    board.c                                  0x00000000   Number         0  board.o ABSOLUTE
    dc.s                                     0x00000000   Number         0  dc.o ABSOLUTE
    dl_adc12.c                               0x00000000   Number         0  dl_adc12.o ABSOLUTE
    dl_aes.c                                 0x00000000   Number         0  dl_aes.o ABSOLUTE
    dl_aesadv.c                              0x00000000   Number         0  dl_aesadv.o ABSOLUTE
    dl_common.c                              0x00000000   Number         0  dl_common.o ABSOLUTE
    dl_crc.c                                 0x00000000   Number         0  dl_crc.o ABSOLUTE
    dl_crcp.c                                0x00000000   Number         0  dl_crcp.o ABSOLUTE
    dl_dac12.c                               0x00000000   Number         0  dl_dac12.o ABSOLUTE
    dl_dma.c                                 0x00000000   Number         0  dl_dma.o ABSOLUTE
    dl_flashctl.c                            0x00000000   Number         0  dl_flashctl.o ABSOLUTE
    dl_i2c.c                                 0x00000000   Number         0  dl_i2c.o ABSOLUTE
    dl_keystorectl.c                         0x00000000   Number         0  dl_keystorectl.o ABSOLUTE
    dl_lcd.c                                 0x00000000   Number         0  dl_lcd.o ABSOLUTE
    dl_lfss.c                                0x00000000   Number         0  dl_lfss.o ABSOLUTE
    dl_mathacl.c                             0x00000000   Number         0  dl_mathacl.o ABSOLUTE
    dl_mcan.c                                0x00000000   Number         0  dl_mcan.o ABSOLUTE
    dl_opa.c                                 0x00000000   Number         0  dl_opa.o ABSOLUTE
    dl_rtc_common.c                          0x00000000   Number         0  dl_rtc_common.o ABSOLUTE
    dl_spi.c                                 0x00000000   Number         0  dl_spi.o ABSOLUTE
    dl_timer.c                               0x00000000   Number         0  dl_timer.o ABSOLUTE
    dl_trng.c                                0x00000000   Number         0  dl_trng.o ABSOLUTE
    dl_uart.c                                0x00000000   Number         0  dl_uart.o ABSOLUTE
    dl_vref.c                                0x00000000   Number         0  dl_vref.o ABSOLUTE
    empty.c                                  0x00000000   Number         0  empty.o ABSOLUTE
    oled.c                                   0x00000000   Number         0  oled.o ABSOLUTE
    startup_mspm0g350x_uvision.s             0x00000000   Number         0  startup_mspm0g350x_uvision.o ABSOLUTE
    ti_msp_dl_config.c                       0x00000000   Number         0  ti_msp_dl_config.o ABSOLUTE
    RESET                                    0x00000000   Section      192  startup_mspm0g350x_uvision.o(RESET)
    !!!main                                  0x000000c0   Section        8  __main.o(!!!main)
    !!!scatter                               0x000000c8   Section       60  __scatter.o(!!!scatter)
    !!handler_zi                             0x00000108   Section       28  __scatter_zi.o(!!handler_zi)
    .ARM.Collect$$libinit$$00000000          0x00000124   Section        2  libinit.o(.ARM.Collect$$libinit$$00000000)
    .ARM.Collect$$libinit$$00000002          0x00000126   Section        0  libinit2.o(.ARM.Collect$$libinit$$00000002)
    .ARM.Collect$$libinit$$00000004          0x00000126   Section        0  libinit2.o(.ARM.Collect$$libinit$$00000004)
    .ARM.Collect$$libinit$$0000000A          0x00000126   Section        0  libinit2.o(.ARM.Collect$$libinit$$0000000A)
    .ARM.Collect$$libinit$$0000000C          0x00000126   Section        0  libinit2.o(.ARM.Collect$$libinit$$0000000C)
    .ARM.Collect$$libinit$$0000000E          0x00000126   Section        0  libinit2.o(.ARM.Collect$$libinit$$0000000E)
    .ARM.Collect$$libinit$$00000011          0x00000126   Section        0  libinit2.o(.ARM.Collect$$libinit$$00000011)
    .ARM.Collect$$libinit$$00000013          0x00000126   Section        0  libinit2.o(.ARM.Collect$$libinit$$00000013)
    .ARM.Collect$$libinit$$00000015          0x00000126   Section        0  libinit2.o(.ARM.Collect$$libinit$$00000015)
    .ARM.Collect$$libinit$$00000017          0x00000126   Section        0  libinit2.o(.ARM.Collect$$libinit$$00000017)
    .ARM.Collect$$libinit$$00000019          0x00000126   Section        0  libinit2.o(.ARM.Collect$$libinit$$00000019)
    .ARM.Collect$$libinit$$0000001B          0x00000126   Section        0  libinit2.o(.ARM.Collect$$libinit$$0000001B)
    .ARM.Collect$$libinit$$0000001D          0x00000126   Section        0  libinit2.o(.ARM.Collect$$libinit$$0000001D)
    .ARM.Collect$$libinit$$0000001F          0x00000126   Section        0  libinit2.o(.ARM.Collect$$libinit$$0000001F)
    .ARM.Collect$$libinit$$00000021          0x00000126   Section        0  libinit2.o(.ARM.Collect$$libinit$$00000021)
    .ARM.Collect$$libinit$$00000023          0x00000126   Section        0  libinit2.o(.ARM.Collect$$libinit$$00000023)
    .ARM.Collect$$libinit$$00000025          0x00000126   Section        0  libinit2.o(.ARM.Collect$$libinit$$00000025)
    .ARM.Collect$$libinit$$0000002C          0x00000126   Section        0  libinit2.o(.ARM.Collect$$libinit$$0000002C)
    .ARM.Collect$$libinit$$0000002E          0x00000126   Section        0  libinit2.o(.ARM.Collect$$libinit$$0000002E)
    .ARM.Collect$$libinit$$00000030          0x00000126   Section        0  libinit2.o(.ARM.Collect$$libinit$$00000030)
    .ARM.Collect$$libinit$$00000032          0x00000126   Section        0  libinit2.o(.ARM.Collect$$libinit$$00000032)
    .ARM.Collect$$libinit$$00000033          0x00000126   Section        2  libinit2.o(.ARM.Collect$$libinit$$00000033)
    .ARM.Collect$$libshutdown$$00000000      0x00000128   Section        2  libshutdown.o(.ARM.Collect$$libshutdown$$00000000)
    .ARM.Collect$$libshutdown$$00000002      0x0000012a   Section        0  libshutdown2.o(.ARM.Collect$$libshutdown$$00000002)
    .ARM.Collect$$libshutdown$$00000004      0x0000012a   Section        0  libshutdown2.o(.ARM.Collect$$libshutdown$$00000004)
    .ARM.Collect$$libshutdown$$00000007      0x0000012a   Section        0  libshutdown2.o(.ARM.Collect$$libshutdown$$00000007)
    .ARM.Collect$$libshutdown$$0000000A      0x0000012a   Section        0  libshutdown2.o(.ARM.Collect$$libshutdown$$0000000A)
    .ARM.Collect$$libshutdown$$0000000C      0x0000012a   Section        0  libshutdown2.o(.ARM.Collect$$libshutdown$$0000000C)
    .ARM.Collect$$libshutdown$$0000000F      0x0000012a   Section        0  libshutdown2.o(.ARM.Collect$$libshutdown$$0000000F)
    .ARM.Collect$$libshutdown$$00000010      0x0000012a   Section        2  libshutdown2.o(.ARM.Collect$$libshutdown$$00000010)
    .ARM.Collect$$rtentry$$00000000          0x0000012c   Section        0  __rtentry.o(.ARM.Collect$$rtentry$$00000000)
    .ARM.Collect$$rtentry$$00000002          0x0000012c   Section        0  __rtentry2.o(.ARM.Collect$$rtentry$$00000002)
    .ARM.Collect$$rtentry$$00000004          0x0000012c   Section        6  __rtentry4.o(.ARM.Collect$$rtentry$$00000004)
    .ARM.Collect$$rtentry$$00000009          0x00000132   Section        0  __rtentry2.o(.ARM.Collect$$rtentry$$00000009)
    .ARM.Collect$$rtentry$$0000000A          0x00000132   Section        4  __rtentry2.o(.ARM.Collect$$rtentry$$0000000A)
    .ARM.Collect$$rtentry$$0000000C          0x00000136   Section        0  __rtentry2.o(.ARM.Collect$$rtentry$$0000000C)
    .ARM.Collect$$rtentry$$0000000D          0x00000136   Section        8  __rtentry2.o(.ARM.Collect$$rtentry$$0000000D)
    .ARM.Collect$$rtexit$$00000000           0x0000013e   Section        2  rtexit.o(.ARM.Collect$$rtexit$$00000000)
    .ARM.Collect$$rtexit$$00000002           0x00000140   Section        0  rtexit2.o(.ARM.Collect$$rtexit$$00000002)
    .ARM.Collect$$rtexit$$00000003           0x00000140   Section        4  rtexit2.o(.ARM.Collect$$rtexit$$00000003)
    .ARM.Collect$$rtexit$$00000004           0x00000144   Section        6  rtexit2.o(.ARM.Collect$$rtexit$$00000004)
    .text                                    0x0000014c   Section       44  startup_mspm0g350x_uvision.o(.text)
    .text                                    0x00000178   Section        0  puts.o(.text)
    .text                                    0x000001a4   Section        0  heapauxi.o(.text)
    .text                                    0x000001aa   Section       62  sys_stackheap_outer.o(.text)
    .text                                    0x000001e8   Section        0  exit.o(.text)
    .text                                    0x000001f8   Section        8  libspace.o(.text)
    [Anonymous Symbol]                       0x00000200   Section        0  dl_common.o(.text.DL_Common_delayCycles)
    [Anonymous Symbol]                       0x0000020c   Section        0  dl_timer.o(.text.DL_Timer_initPWMMode)
    __arm_cp.11_1                            0x000002b8   Number         4  dl_timer.o(.text.DL_Timer_initPWMMode)
    __arm_cp.11_2                            0x000002bc   Number         4  dl_timer.o(.text.DL_Timer_initPWMMode)
    __arm_cp.11_3                            0x000002c0   Number         4  dl_timer.o(.text.DL_Timer_initPWMMode)
    __arm_cp.11_4                            0x000002c4   Number         4  dl_timer.o(.text.DL_Timer_initPWMMode)
    __arm_cp.11_6                            0x000002c8   Number         4  dl_timer.o(.text.DL_Timer_initPWMMode)
    [Anonymous Symbol]                       0x000002cc   Section        0  dl_timer.o(.text.DL_Timer_initTimerMode)
    __arm_cp.2_0                             0x000003ac   Number         4  dl_timer.o(.text.DL_Timer_initTimerMode)
    __arm_cp.2_1                             0x000003b0   Number         4  dl_timer.o(.text.DL_Timer_initTimerMode)
    __arm_cp.2_2                             0x000003b4   Number         4  dl_timer.o(.text.DL_Timer_initTimerMode)
    __arm_cp.2_3                             0x000003b8   Number         4  dl_timer.o(.text.DL_Timer_initTimerMode)
    [Anonymous Symbol]                       0x000003bc   Section        0  dl_timer.o(.text.DL_Timer_setCaptCompUpdateMethod)
    __arm_cp.18_0                            0x000003d4   Number         4  dl_timer.o(.text.DL_Timer_setCaptCompUpdateMethod)
    [Anonymous Symbol]                       0x000003d8   Section        0  dl_timer.o(.text.DL_Timer_setCaptureCompareOutCtl)
    __arm_cp.13_0                            0x000003ec   Number         4  dl_timer.o(.text.DL_Timer_setCaptureCompareOutCtl)
    [Anonymous Symbol]                       0x000003f0   Section        0  dl_timer.o(.text.DL_Timer_setCaptureCompareValue)
    __arm_cp.3_0                             0x000003fc   Number         4  dl_timer.o(.text.DL_Timer_setCaptureCompareValue)
    [Anonymous Symbol]                       0x00000400   Section        0  dl_timer.o(.text.DL_Timer_setClockConfig)
    __arm_cp.0_0                             0x00000418   Number         4  dl_timer.o(.text.DL_Timer_setClockConfig)
    [Anonymous Symbol]                       0x0000041c   Section        0  dl_uart.o(.text.DL_UART_init)
    __arm_cp.0_0                             0x0000045c   Number         4  dl_uart.o(.text.DL_UART_init)
    __arm_cp.0_1                             0x00000460   Number         4  dl_uart.o(.text.DL_UART_init)
    [Anonymous Symbol]                       0x00000464   Section        0  dl_uart.o(.text.DL_UART_setClockConfig)
    [Anonymous Symbol]                       0x00000478   Section        0  encoder.o(.text.GROUP1_IRQHandler)
    __arm_cp.2_0                             0x000004cc   Number         4  encoder.o(.text.GROUP1_IRQHandler)
    __arm_cp.2_1                             0x000004d0   Number         4  encoder.o(.text.GROUP1_IRQHandler)
    __arm_cp.2_2                             0x000004d4   Number         4  encoder.o(.text.GROUP1_IRQHandler)
    __arm_cp.2_3                             0x000004d8   Number         4  encoder.o(.text.GROUP1_IRQHandler)
    [Anonymous Symbol]                       0x000004dc   Section        0  oled.o(.text.OLED_Clear)
    [Anonymous Symbol]                       0x0000054c   Section        0  oled.o(.text.OLED_Init)
    [Anonymous Symbol]                       0x000006a0   Section        0  oled.o(.text.OLED_Refresh)
    __arm_cp.10_0                            0x00000790   Number         4  oled.o(.text.OLED_Refresh)
    [Anonymous Symbol]                       0x00000794   Section        0  oled.o(.text.OLED_WR_Byte)
    __arm_cp.1_0                             0x00000830   Number         4  oled.o(.text.OLED_WR_Byte)
    [Anonymous Symbol]                       0x00000834   Section        0  ti_msp_dl_config.o(.text.SYSCFG_DL_GPIO_init)
    __arm_cp.2_0                             0x000008c8   Number         4  ti_msp_dl_config.o(.text.SYSCFG_DL_GPIO_init)
    __arm_cp.2_1                             0x000008cc   Number         4  ti_msp_dl_config.o(.text.SYSCFG_DL_GPIO_init)
    __arm_cp.2_2                             0x000008d0   Number         4  ti_msp_dl_config.o(.text.SYSCFG_DL_GPIO_init)
    __arm_cp.2_3                             0x000008d4   Number         4  ti_msp_dl_config.o(.text.SYSCFG_DL_GPIO_init)
    __arm_cp.2_4                             0x000008d8   Number         4  ti_msp_dl_config.o(.text.SYSCFG_DL_GPIO_init)
    __arm_cp.2_5                             0x000008dc   Number         4  ti_msp_dl_config.o(.text.SYSCFG_DL_GPIO_init)
    __arm_cp.2_6                             0x000008e0   Number         4  ti_msp_dl_config.o(.text.SYSCFG_DL_GPIO_init)
    __arm_cp.2_7                             0x000008e4   Number         4  ti_msp_dl_config.o(.text.SYSCFG_DL_GPIO_init)
    __arm_cp.2_8                             0x000008e8   Number         4  ti_msp_dl_config.o(.text.SYSCFG_DL_GPIO_init)
    __arm_cp.2_9                             0x000008ec   Number         4  ti_msp_dl_config.o(.text.SYSCFG_DL_GPIO_init)
    __arm_cp.2_10                            0x000008f0   Number         4  ti_msp_dl_config.o(.text.SYSCFG_DL_GPIO_init)
    [Anonymous Symbol]                       0x000008f4   Section        0  ti_msp_dl_config.o(.text.SYSCFG_DL_PWM_MotorA_init)
    __arm_cp.5_0                             0x00000960   Number         4  ti_msp_dl_config.o(.text.SYSCFG_DL_PWM_MotorA_init)
    __arm_cp.5_1                             0x00000964   Number         4  ti_msp_dl_config.o(.text.SYSCFG_DL_PWM_MotorA_init)
    __arm_cp.5_2                             0x00000968   Number         4  ti_msp_dl_config.o(.text.SYSCFG_DL_PWM_MotorA_init)
    __arm_cp.5_4                             0x0000096c   Number         4  ti_msp_dl_config.o(.text.SYSCFG_DL_PWM_MotorA_init)
    [Anonymous Symbol]                       0x00000970   Section        0  ti_msp_dl_config.o(.text.SYSCFG_DL_PWM_MotorB_init)
    __arm_cp.4_0                             0x000009dc   Number         4  ti_msp_dl_config.o(.text.SYSCFG_DL_PWM_MotorB_init)
    __arm_cp.4_1                             0x000009e0   Number         4  ti_msp_dl_config.o(.text.SYSCFG_DL_PWM_MotorB_init)
    __arm_cp.4_2                             0x000009e4   Number         4  ti_msp_dl_config.o(.text.SYSCFG_DL_PWM_MotorB_init)
    __arm_cp.4_3                             0x000009e8   Number         4  ti_msp_dl_config.o(.text.SYSCFG_DL_PWM_MotorB_init)
    __arm_cp.4_4                             0x000009ec   Number         4  ti_msp_dl_config.o(.text.SYSCFG_DL_PWM_MotorB_init)
    [Anonymous Symbol]                       0x000009f0   Section        0  ti_msp_dl_config.o(.text.SYSCFG_DL_SYSCTL_init)
    __arm_cp.3_0                             0x00000a24   Number         4  ti_msp_dl_config.o(.text.SYSCFG_DL_SYSCTL_init)
    __arm_cp.3_1                             0x00000a28   Number         4  ti_msp_dl_config.o(.text.SYSCFG_DL_SYSCTL_init)
    [Anonymous Symbol]                       0x00000a2c   Section        0  ti_msp_dl_config.o(.text.SYSCFG_DL_SYSTICK_init)
    __arm_cp.8_0                             0x00000a44   Number         4  ti_msp_dl_config.o(.text.SYSCFG_DL_SYSTICK_init)
    [Anonymous Symbol]                       0x00000a48   Section        0  ti_msp_dl_config.o(.text.SYSCFG_DL_TIMER_0_init)
    __arm_cp.6_0                             0x00000a6c   Number         4  ti_msp_dl_config.o(.text.SYSCFG_DL_TIMER_0_init)
    __arm_cp.6_1                             0x00000a70   Number         4  ti_msp_dl_config.o(.text.SYSCFG_DL_TIMER_0_init)
    __arm_cp.6_2                             0x00000a74   Number         4  ti_msp_dl_config.o(.text.SYSCFG_DL_TIMER_0_init)
    __arm_cp.6_3                             0x00000a78   Number         4  ti_msp_dl_config.o(.text.SYSCFG_DL_TIMER_0_init)
    __arm_cp.6_4                             0x00000a7c   Number         4  ti_msp_dl_config.o(.text.SYSCFG_DL_TIMER_0_init)
    [Anonymous Symbol]                       0x00000a80   Section        0  ti_msp_dl_config.o(.text.SYSCFG_DL_USB_TLL_init)
    __arm_cp.7_0                             0x00000ad8   Number         4  ti_msp_dl_config.o(.text.SYSCFG_DL_USB_TLL_init)
    __arm_cp.7_1                             0x00000adc   Number         4  ti_msp_dl_config.o(.text.SYSCFG_DL_USB_TLL_init)
    __arm_cp.7_2                             0x00000ae0   Number         4  ti_msp_dl_config.o(.text.SYSCFG_DL_USB_TLL_init)
    __arm_cp.7_3                             0x00000ae4   Number         4  ti_msp_dl_config.o(.text.SYSCFG_DL_USB_TLL_init)
    __arm_cp.7_4                             0x00000ae8   Number         4  ti_msp_dl_config.o(.text.SYSCFG_DL_USB_TLL_init)
    __arm_cp.7_5                             0x00000aec   Number         4  ti_msp_dl_config.o(.text.SYSCFG_DL_USB_TLL_init)
    [Anonymous Symbol]                       0x00000af0   Section        0  ti_msp_dl_config.o(.text.SYSCFG_DL_init)
    __arm_cp.0_0                             0x00000b1c   Number         4  ti_msp_dl_config.o(.text.SYSCFG_DL_init)
    [Anonymous Symbol]                       0x00000b20   Section        0  ti_msp_dl_config.o(.text.SYSCFG_DL_initPower)
    __arm_cp.1_0                             0x00000b54   Number         4  ti_msp_dl_config.o(.text.SYSCFG_DL_initPower)
    __arm_cp.1_1                             0x00000b58   Number         4  ti_msp_dl_config.o(.text.SYSCFG_DL_initPower)
    __arm_cp.1_2                             0x00000b5c   Number         4  ti_msp_dl_config.o(.text.SYSCFG_DL_initPower)
    __arm_cp.1_3                             0x00000b60   Number         4  ti_msp_dl_config.o(.text.SYSCFG_DL_initPower)
    __arm_cp.1_4                             0x00000b64   Number         4  ti_msp_dl_config.o(.text.SYSCFG_DL_initPower)
    __arm_cp.1_5                             0x00000b68   Number         4  ti_msp_dl_config.o(.text.SYSCFG_DL_initPower)
    __arm_cp.1_6                             0x00000b6c   Number         4  ti_msp_dl_config.o(.text.SYSCFG_DL_initPower)
    __arm_cp.1_7                             0x00000b70   Number         4  ti_msp_dl_config.o(.text.SYSCFG_DL_initPower)
    [Anonymous Symbol]                       0x00000b74   Section        0  oled.o(.text.Send_Byte)
    __arm_cp.7_0                             0x00000c84   Number         4  oled.o(.text.Send_Byte)
    [Anonymous Symbol]                       0x00000c88   Section        0  encoder.o(.text.TIMG0_IRQHandler)
    __arm_cp.1_0                             0x00000cb0   Number         4  encoder.o(.text.TIMG0_IRQHandler)
    __arm_cp.1_1                             0x00000cb4   Number         4  encoder.o(.text.TIMG0_IRQHandler)
    __arm_cp.1_2                             0x00000cb8   Number         4  encoder.o(.text.TIMG0_IRQHandler)
    [Anonymous Symbol]                       0x00000cbc   Section        0  board.o(.text.UART0_IRQHandler)
    __arm_cp.9_0                             0x00000cf8   Number         4  board.o(.text.UART0_IRQHandler)
    __arm_cp.9_2                             0x00000cfc   Number         4  board.o(.text.UART0_IRQHandler)
    __arm_cp.9_3                             0x00000d00   Number         4  board.o(.text.UART0_IRQHandler)
    __arm_cp.9_4                             0x00000d04   Number         4  board.o(.text.UART0_IRQHandler)
    [Anonymous Symbol]                       0x00000d08   Section        0  board.o(.text._sys_exit)
    [Anonymous Symbol]                       0x00000d0c   Section        0  board.o(.text.board_init)
    __arm_cp.0_0                             0x00000d28   Number         4  board.o(.text.board_init)
    __arm_cp.0_1                             0x00000d2c   Number         4  board.o(.text.board_init)
    [Anonymous Symbol]                       0x00000d50   Section        0  board.o(.text.delay_us)
    __arm_cp.1_0                             0x00000d7c   Number         4  board.o(.text.delay_us)
    [Anonymous Symbol]                       0x00000d80   Section        0  board.o(.text.fputc)
    [Anonymous Symbol]                       0x00000d90   Section        0  empty.o(.text.main)
    __arm_cp.0_0                             0x00000dd4   Number         4  empty.o(.text.main)
    __arm_cp.0_1                             0x00000dd8   Number         4  empty.o(.text.main)
    __arm_cp.0_2                             0x00000ddc   Number         4  empty.o(.text.main)
    [Anonymous Symbol]                       0x00000de0   Section        0  board.o(.text.uart0_send_char)
    __arm_cp.5_0                             0x00000dec   Number         4  board.o(.text.uart0_send_char)
    gPWM_MotorAClockConfig                   0x00000df0   Data           3  ti_msp_dl_config.o(.rodata.gPWM_MotorAClockConfig)
    [Anonymous Symbol]                       0x00000df0   Section        0  ti_msp_dl_config.o(.rodata.gPWM_MotorAClockConfig)
    gPWM_MotorAConfig                        0x00000df4   Data           8  ti_msp_dl_config.o(.rodata.gPWM_MotorAConfig)
    [Anonymous Symbol]                       0x00000df4   Section        0  ti_msp_dl_config.o(.rodata.gPWM_MotorAConfig)
    gPWM_MotorBClockConfig                   0x00000dfc   Data           3  ti_msp_dl_config.o(.rodata.gPWM_MotorBClockConfig)
    [Anonymous Symbol]                       0x00000dfc   Section        0  ti_msp_dl_config.o(.rodata.gPWM_MotorBClockConfig)
    gPWM_MotorBConfig                        0x00000e00   Data           8  ti_msp_dl_config.o(.rodata.gPWM_MotorBConfig)
    [Anonymous Symbol]                       0x00000e00   Section        0  ti_msp_dl_config.o(.rodata.gPWM_MotorBConfig)
    gTIMER_0ClockConfig                      0x00000e08   Data           3  ti_msp_dl_config.o(.rodata.gTIMER_0ClockConfig)
    [Anonymous Symbol]                       0x00000e08   Section        0  ti_msp_dl_config.o(.rodata.gTIMER_0ClockConfig)
    gTIMER_0TimerConfig                      0x00000e0c   Data          20  ti_msp_dl_config.o(.rodata.gTIMER_0TimerConfig)
    [Anonymous Symbol]                       0x00000e0c   Section        0  ti_msp_dl_config.o(.rodata.gTIMER_0TimerConfig)
    gUSB_TLLClockConfig                      0x00000e20   Data           2  ti_msp_dl_config.o(.rodata.gUSB_TLLClockConfig)
    [Anonymous Symbol]                       0x00000e20   Section        0  ti_msp_dl_config.o(.rodata.gUSB_TLLClockConfig)
    gUSB_TLLConfig                           0x00000e22   Data          10  ti_msp_dl_config.o(.rodata.gUSB_TLLConfig)
    [Anonymous Symbol]                       0x00000e22   Section        0  ti_msp_dl_config.o(.rodata.gUSB_TLLConfig)
    .bss                                     0x20200000   Section       96  libspace.o(.bss)
    Heap_Mem                                 0x20200638   Data           0  startup_mspm0g350x_uvision.o(HEAP)
    Stack_Mem                                0x20200638   Data         256  startup_mspm0g350x_uvision.o(STACK)
    HEAP                                     0x20200638   Section        0  startup_mspm0g350x_uvision.o(HEAP)
    STACK                                    0x20200638   Section      256  startup_mspm0g350x_uvision.o(STACK)
    __initial_sp                             0x20200738   Data           0  startup_mspm0g350x_uvision.o(STACK)

    Global Symbols

    Symbol Name                              Value     Ov Type        Size  Object(Section)

    BuildAttributes$$THM_ISAv3M$S$PE$A:L22$X:L11$S22$IEEE1$IW$~IW$USESV6$~STKCKD$USESV7$~SHL$OTIME$ROPI$EBA8$UX$STANDARDLIB$REQ8$PRES8$EABIv2 0x00000000   Number         0  anon$$obj.o ABSOLUTE
    __Vectors                                0x00000000   Data           4  startup_mspm0g350x_uvision.o(RESET)
    __ARM_exceptions_init                     - Undefined Weak Reference
    __alloca_initialize                       - Undefined Weak Reference
    __arm_preinit_                            - Undefined Weak Reference
    __cpp_initialize__aeabi_                  - Undefined Weak Reference
    __cxa_finalize                            - Undefined Weak Reference
    __rt_locale                               - Undefined Weak Reference
    __sigvec_lookup                           - Undefined Weak Reference
    _atexit_init                              - Undefined Weak Reference
    _call_atexit_fns                          - Undefined Weak Reference
    _clock_init                               - Undefined Weak Reference
    _fp_trap_init                             - Undefined Weak Reference
    _fp_trap_shutdown                         - Undefined Weak Reference
    _get_lc_collate                           - Undefined Weak Reference
    _get_lc_ctype                             - Undefined Weak Reference
    _get_lc_monetary                          - Undefined Weak Reference
    _get_lc_numeric                           - Undefined Weak Reference
    _get_lc_time                              - Undefined Weak Reference
    _getenv_init                              - Undefined Weak Reference
    _handle_redirection                       - Undefined Weak Reference
    _init_alloc                               - Undefined Weak Reference
    _init_user_alloc                          - Undefined Weak Reference
    _initio                                   - Undefined Weak Reference
    _rand_init                                - Undefined Weak Reference
    _signal_finish                            - Undefined Weak Reference
    _signal_init                              - Undefined Weak Reference
    _terminate_alloc                          - Undefined Weak Reference
    _terminate_user_alloc                     - Undefined Weak Reference
    _terminateio                              - Undefined Weak Reference
    __Vectors_End                            0x000000c0   Data           0  startup_mspm0g350x_uvision.o(RESET)
    __Vectors_Size                           0x000000c0   Number         0  startup_mspm0g350x_uvision.o ABSOLUTE
    __main                                   0x000000c1   Thumb Code     8  __main.o(!!!main)
    __scatterload                            0x000000c9   Thumb Code     0  __scatter.o(!!!scatter)
    __scatterload_rt2                        0x000000c9   Thumb Code    52  __scatter.o(!!!scatter)
    __scatterload_rt2_thumb_only             0x000000c9   Thumb Code     0  __scatter.o(!!!scatter)
    __scatterload_null                       0x000000d9   Thumb Code     0  __scatter.o(!!!scatter)
    __scatterload_zeroinit                   0x00000109   Thumb Code    28  __scatter_zi.o(!!handler_zi)
    __rt_lib_init                            0x00000125   Thumb Code     0  libinit.o(.ARM.Collect$$libinit$$00000000)
    __rt_lib_init_alloca_1                   0x00000127   Thumb Code     0  libinit2.o(.ARM.Collect$$libinit$$0000002E)
    __rt_lib_init_argv_1                     0x00000127   Thumb Code     0  libinit2.o(.ARM.Collect$$libinit$$0000002C)
    __rt_lib_init_atexit_1                   0x00000127   Thumb Code     0  libinit2.o(.ARM.Collect$$libinit$$0000001B)
    __rt_lib_init_clock_1                    0x00000127   Thumb Code     0  libinit2.o(.ARM.Collect$$libinit$$00000021)
    __rt_lib_init_cpp_1                      0x00000127   Thumb Code     0  libinit2.o(.ARM.Collect$$libinit$$00000032)
    __rt_lib_init_exceptions_1               0x00000127   Thumb Code     0  libinit2.o(.ARM.Collect$$libinit$$00000030)
    __rt_lib_init_fp_1                       0x00000127   Thumb Code     0  libinit2.o(.ARM.Collect$$libinit$$00000002)
    __rt_lib_init_fp_trap_1                  0x00000127   Thumb Code     0  libinit2.o(.ARM.Collect$$libinit$$0000001F)
    __rt_lib_init_getenv_1                   0x00000127   Thumb Code     0  libinit2.o(.ARM.Collect$$libinit$$00000023)
    __rt_lib_init_heap_1                     0x00000127   Thumb Code     0  libinit2.o(.ARM.Collect$$libinit$$0000000A)
    __rt_lib_init_lc_collate_1               0x00000127   Thumb Code     0  libinit2.o(.ARM.Collect$$libinit$$00000011)
    __rt_lib_init_lc_ctype_1                 0x00000127   Thumb Code     0  libinit2.o(.ARM.Collect$$libinit$$00000013)
    __rt_lib_init_lc_monetary_1              0x00000127   Thumb Code     0  libinit2.o(.ARM.Collect$$libinit$$00000015)
    __rt_lib_init_lc_numeric_1               0x00000127   Thumb Code     0  libinit2.o(.ARM.Collect$$libinit$$00000017)
    __rt_lib_init_lc_time_1                  0x00000127   Thumb Code     0  libinit2.o(.ARM.Collect$$libinit$$00000019)
    __rt_lib_init_preinit_1                  0x00000127   Thumb Code     0  libinit2.o(.ARM.Collect$$libinit$$00000004)
    __rt_lib_init_rand_1                     0x00000127   Thumb Code     0  libinit2.o(.ARM.Collect$$libinit$$0000000E)
    __rt_lib_init_return                     0x00000127   Thumb Code     0  libinit2.o(.ARM.Collect$$libinit$$00000033)
    __rt_lib_init_signal_1                   0x00000127   Thumb Code     0  libinit2.o(.ARM.Collect$$libinit$$0000001D)
    __rt_lib_init_stdio_1                    0x00000127   Thumb Code     0  libinit2.o(.ARM.Collect$$libinit$$00000025)
    __rt_lib_init_user_alloc_1               0x00000127   Thumb Code     0  libinit2.o(.ARM.Collect$$libinit$$0000000C)
    __rt_lib_shutdown                        0x00000129   Thumb Code     0  libshutdown.o(.ARM.Collect$$libshutdown$$00000000)
    __rt_lib_shutdown_cpp_1                  0x0000012b   Thumb Code     0  libshutdown2.o(.ARM.Collect$$libshutdown$$00000002)
    __rt_lib_shutdown_fp_trap_1              0x0000012b   Thumb Code     0  libshutdown2.o(.ARM.Collect$$libshutdown$$00000007)
    __rt_lib_shutdown_heap_1                 0x0000012b   Thumb Code     0  libshutdown2.o(.ARM.Collect$$libshutdown$$0000000F)
    __rt_lib_shutdown_return                 0x0000012b   Thumb Code     0  libshutdown2.o(.ARM.Collect$$libshutdown$$00000010)
    __rt_lib_shutdown_signal_1               0x0000012b   Thumb Code     0  libshutdown2.o(.ARM.Collect$$libshutdown$$0000000A)
    __rt_lib_shutdown_stdio_1                0x0000012b   Thumb Code     0  libshutdown2.o(.ARM.Collect$$libshutdown$$00000004)
    __rt_lib_shutdown_user_alloc_1           0x0000012b   Thumb Code     0  libshutdown2.o(.ARM.Collect$$libshutdown$$0000000C)
    __rt_entry                               0x0000012d   Thumb Code     0  __rtentry.o(.ARM.Collect$$rtentry$$00000000)
    __rt_entry_presh_1                       0x0000012d   Thumb Code     0  __rtentry2.o(.ARM.Collect$$rtentry$$00000002)
    __rt_entry_sh                            0x0000012d   Thumb Code     0  __rtentry4.o(.ARM.Collect$$rtentry$$00000004)
    __rt_entry_li                            0x00000133   Thumb Code     0  __rtentry2.o(.ARM.Collect$$rtentry$$0000000A)
    __rt_entry_postsh_1                      0x00000133   Thumb Code     0  __rtentry2.o(.ARM.Collect$$rtentry$$00000009)
    __rt_entry_main                          0x00000137   Thumb Code     0  __rtentry2.o(.ARM.Collect$$rtentry$$0000000D)
    __rt_entry_postli_1                      0x00000137   Thumb Code     0  __rtentry2.o(.ARM.Collect$$rtentry$$0000000C)
    __rt_exit                                0x0000013f   Thumb Code     0  rtexit.o(.ARM.Collect$$rtexit$$00000000)
    __rt_exit_ls                             0x00000141   Thumb Code     0  rtexit2.o(.ARM.Collect$$rtexit$$00000003)
    __rt_exit_prels_1                        0x00000141   Thumb Code     0  rtexit2.o(.ARM.Collect$$rtexit$$00000002)
    __rt_exit_exit                           0x00000145   Thumb Code     0  rtexit2.o(.ARM.Collect$$rtexit$$00000004)
    Reset_Handler                            0x0000014d   Thumb Code     4  startup_mspm0g350x_uvision.o(.text)
    NMI_Handler                              0x00000151   Thumb Code     2  startup_mspm0g350x_uvision.o(.text)
    HardFault_Handler                        0x00000153   Thumb Code     2  startup_mspm0g350x_uvision.o(.text)
    SVC_Handler                              0x00000155   Thumb Code     2  startup_mspm0g350x_uvision.o(.text)
    PendSV_Handler                           0x00000157   Thumb Code     2  startup_mspm0g350x_uvision.o(.text)
    SysTick_Handler                          0x00000159   Thumb Code     2  startup_mspm0g350x_uvision.o(.text)
    ADC0_IRQHandler                          0x0000015b   Thumb Code     0  startup_mspm0g350x_uvision.o(.text)
    ADC1_IRQHandler                          0x0000015b   Thumb Code     0  startup_mspm0g350x_uvision.o(.text)
    AES_IRQHandler                           0x0000015b   Thumb Code     0  startup_mspm0g350x_uvision.o(.text)
    CANFD0_IRQHandler                        0x0000015b   Thumb Code     0  startup_mspm0g350x_uvision.o(.text)
    DAC0_IRQHandler                          0x0000015b   Thumb Code     0  startup_mspm0g350x_uvision.o(.text)
    DMA_IRQHandler                           0x0000015b   Thumb Code     0  startup_mspm0g350x_uvision.o(.text)
    Default_Handler                          0x0000015b   Thumb Code     2  startup_mspm0g350x_uvision.o(.text)
    GROUP0_IRQHandler                        0x0000015b   Thumb Code     0  startup_mspm0g350x_uvision.o(.text)
    I2C0_IRQHandler                          0x0000015b   Thumb Code     0  startup_mspm0g350x_uvision.o(.text)
    I2C1_IRQHandler                          0x0000015b   Thumb Code     0  startup_mspm0g350x_uvision.o(.text)
    RTC_IRQHandler                           0x0000015b   Thumb Code     0  startup_mspm0g350x_uvision.o(.text)
    SPI0_IRQHandler                          0x0000015b   Thumb Code     0  startup_mspm0g350x_uvision.o(.text)
    SPI1_IRQHandler                          0x0000015b   Thumb Code     0  startup_mspm0g350x_uvision.o(.text)
    TIMA0_IRQHandler                         0x0000015b   Thumb Code     0  startup_mspm0g350x_uvision.o(.text)
    TIMA1_IRQHandler                         0x0000015b   Thumb Code     0  startup_mspm0g350x_uvision.o(.text)
    TIMG12_IRQHandler                        0x0000015b   Thumb Code     0  startup_mspm0g350x_uvision.o(.text)
    TIMG6_IRQHandler                         0x0000015b   Thumb Code     0  startup_mspm0g350x_uvision.o(.text)
    TIMG7_IRQHandler                         0x0000015b   Thumb Code     0  startup_mspm0g350x_uvision.o(.text)
    TIMG8_IRQHandler                         0x0000015b   Thumb Code     0  startup_mspm0g350x_uvision.o(.text)
    UART1_IRQHandler                         0x0000015b   Thumb Code     0  startup_mspm0g350x_uvision.o(.text)
    UART2_IRQHandler                         0x0000015b   Thumb Code     0  startup_mspm0g350x_uvision.o(.text)
    UART3_IRQHandler                         0x0000015b   Thumb Code     0  startup_mspm0g350x_uvision.o(.text)
    __user_initial_stackheap                 0x0000015d   Thumb Code    10  startup_mspm0g350x_uvision.o(.text)
    puts                                     0x00000179   Thumb Code    38  puts.o(.text)
    __use_two_region_memory                  0x000001a5   Thumb Code     2  heapauxi.o(.text)
    __rt_heap_escrow$2region                 0x000001a7   Thumb Code     2  heapauxi.o(.text)
    __rt_heap_expand$2region                 0x000001a9   Thumb Code     2  heapauxi.o(.text)
    __user_setup_stackheap                   0x000001ab   Thumb Code    62  sys_stackheap_outer.o(.text)
    exit                                     0x000001e9   Thumb Code    16  exit.o(.text)
    __user_libspace                          0x000001f9   Thumb Code     8  libspace.o(.text)
    __user_perproc_libspace                  0x000001f9   Thumb Code     0  libspace.o(.text)
    __user_perthread_libspace                0x000001f9   Thumb Code     0  libspace.o(.text)
    DL_Common_delayCycles                    0x00000201   Thumb Code    10  dl_common.o(.text.DL_Common_delayCycles)
    DL_Timer_initPWMMode                     0x0000020d   Thumb Code   172  dl_timer.o(.text.DL_Timer_initPWMMode)
    DL_Timer_initTimerMode                   0x000002cd   Thumb Code   224  dl_timer.o(.text.DL_Timer_initTimerMode)
    DL_Timer_setCaptCompUpdateMethod         0x000003bd   Thumb Code    24  dl_timer.o(.text.DL_Timer_setCaptCompUpdateMethod)
    DL_Timer_setCaptureCompareOutCtl         0x000003d9   Thumb Code    20  dl_timer.o(.text.DL_Timer_setCaptureCompareOutCtl)
    DL_Timer_setCaptureCompareValue          0x000003f1   Thumb Code    12  dl_timer.o(.text.DL_Timer_setCaptureCompareValue)
    DL_Timer_setClockConfig                  0x00000401   Thumb Code    24  dl_timer.o(.text.DL_Timer_setClockConfig)
    DL_UART_init                             0x0000041d   Thumb Code    64  dl_uart.o(.text.DL_UART_init)
    DL_UART_setClockConfig                   0x00000465   Thumb Code    18  dl_uart.o(.text.DL_UART_setClockConfig)
    GROUP1_IRQHandler                        0x00000479   Thumb Code    84  encoder.o(.text.GROUP1_IRQHandler)
    OLED_Clear                               0x000004dd   Thumb Code   112  oled.o(.text.OLED_Clear)
    OLED_Init                                0x0000054d   Thumb Code   340  oled.o(.text.OLED_Init)
    OLED_Refresh                             0x000006a1   Thumb Code   240  oled.o(.text.OLED_Refresh)
    OLED_WR_Byte                             0x00000795   Thumb Code   156  oled.o(.text.OLED_WR_Byte)
    SYSCFG_DL_GPIO_init                      0x00000835   Thumb Code   148  ti_msp_dl_config.o(.text.SYSCFG_DL_GPIO_init)
    SYSCFG_DL_PWM_MotorA_init                0x000008f5   Thumb Code   108  ti_msp_dl_config.o(.text.SYSCFG_DL_PWM_MotorA_init)
    SYSCFG_DL_PWM_MotorB_init                0x00000971   Thumb Code   108  ti_msp_dl_config.o(.text.SYSCFG_DL_PWM_MotorB_init)
    SYSCFG_DL_SYSCTL_init                    0x000009f1   Thumb Code    52  ti_msp_dl_config.o(.text.SYSCFG_DL_SYSCTL_init)
    SYSCFG_DL_SYSTICK_init                   0x00000a2d   Thumb Code    24  ti_msp_dl_config.o(.text.SYSCFG_DL_SYSTICK_init)
    SYSCFG_DL_TIMER_0_init                   0x00000a49   Thumb Code    36  ti_msp_dl_config.o(.text.SYSCFG_DL_TIMER_0_init)
    SYSCFG_DL_USB_TLL_init                   0x00000a81   Thumb Code    88  ti_msp_dl_config.o(.text.SYSCFG_DL_USB_TLL_init)
    SYSCFG_DL_init                           0x00000af1   Thumb Code    44  ti_msp_dl_config.o(.text.SYSCFG_DL_init)
    SYSCFG_DL_initPower                      0x00000b21   Thumb Code    52  ti_msp_dl_config.o(.text.SYSCFG_DL_initPower)
    Send_Byte                                0x00000b75   Thumb Code   272  oled.o(.text.Send_Byte)
    TIMG0_IRQHandler                         0x00000c89   Thumb Code    40  encoder.o(.text.TIMG0_IRQHandler)
    UART0_IRQHandler                         0x00000cbd   Thumb Code    60  board.o(.text.UART0_IRQHandler)
    _sys_exit                                0x00000d09   Thumb Code     2  board.o(.text._sys_exit)
    board_init                               0x00000d0d   Thumb Code    28  board.o(.text.board_init)
    delay_us                                 0x00000d51   Thumb Code    44  board.o(.text.delay_us)
    fputc                                    0x00000d81   Thumb Code    16  board.o(.text.fputc)
    main                                     0x00000d91   Thumb Code    68  empty.o(.text.main)
    uart0_send_char                          0x00000de1   Thumb Code    12  board.o(.text.uart0_send_char)
    Region$$Table$$Base                      0x00000e30   Number         0  anon$$obj.o(Region$$Table)
    Region$$Table$$Limit                     0x00000e40   Number         0  anon$$obj.o(Region$$Table)
    __libspace_start                         0x20200000   Data          96  libspace.o(.bss)
    Left_Count                               0x20200060   Data           4  encoder.o(.bss.Left_Count)
    __temporary_stack_top$libspace           0x20200060   Data           0  libspace.o(.bss)
    OLED_GRAM                                0x20200064   Data        1152  oled.o(.bss.OLED_GRAM)
    Right_Count                              0x202004e4   Data           4  encoder.o(.bss.Right_Count)
    __stdout                                 0x202004e8   Data          84  board.o(.bss.__stdout)
    gPWM_MotorABackup                        0x2020053c   Data         120  ti_msp_dl_config.o(.bss.gPWM_MotorABackup)
    recv0_buff                               0x202005b4   Data         128  board.o(.bss.recv0_buff)
    recv0_flag                               0x20200634   Data           1  board.o(.bss.recv0_flag)
    recv0_length                             0x20200636   Data           2  board.o(.bss.recv0_length)



==============================================================================

Memory Map of the image

  Image Entry point : 0x000000c1

  Load Region LR_IROM1 (Base: 0x00000000, Size: 0x00000e40, Max: 0x00020000, ABSOLUTE)

    Execution Region ER_IROM1 (Exec base: 0x00000000, Load base: 0x00000000, Size: 0x00000e40, Max: 0x00020000, ABSOLUTE)

    Exec Addr    Load Addr    Size         Type   Attr      Idx    E Section Name        Object

    0x00000000   0x00000000   0x000000c0   Data   RO           12    RESET               startup_mspm0g350x_uvision.o
    0x000000c0   0x000000c0   0x00000008   Code   RO          950  * !!!main             c_p.l(__main.o)
    0x000000c8   0x000000c8   0x0000003c   Code   RO         1136    !!!scatter          c_p.l(__scatter.o)
    0x00000104   0x00000104   0x00000004   PAD
    0x00000108   0x00000108   0x0000001c   Code   RO         1138    !!handler_zi        c_p.l(__scatter_zi.o)
    0x00000124   0x00000124   0x00000002   Code   RO         1003    .ARM.Collect$$libinit$$00000000  c_p.l(libinit.o)
    0x00000126   0x00000126   0x00000000   Code   RO         1017    .ARM.Collect$$libinit$$00000002  c_p.l(libinit2.o)
    0x00000126   0x00000126   0x00000000   Code   RO         1019    .ARM.Collect$$libinit$$00000004  c_p.l(libinit2.o)
    0x00000126   0x00000126   0x00000000   Code   RO         1022    .ARM.Collect$$libinit$$0000000A  c_p.l(libinit2.o)
    0x00000126   0x00000126   0x00000000   Code   RO         1024    .ARM.Collect$$libinit$$0000000C  c_p.l(libinit2.o)
    0x00000126   0x00000126   0x00000000   Code   RO         1026    .ARM.Collect$$libinit$$0000000E  c_p.l(libinit2.o)
    0x00000126   0x00000126   0x00000000   Code   RO         1029    .ARM.Collect$$libinit$$00000011  c_p.l(libinit2.o)
    0x00000126   0x00000126   0x00000000   Code   RO         1031    .ARM.Collect$$libinit$$00000013  c_p.l(libinit2.o)
    0x00000126   0x00000126   0x00000000   Code   RO         1033    .ARM.Collect$$libinit$$00000015  c_p.l(libinit2.o)
    0x00000126   0x00000126   0x00000000   Code   RO         1035    .ARM.Collect$$libinit$$00000017  c_p.l(libinit2.o)
    0x00000126   0x00000126   0x00000000   Code   RO         1037    .ARM.Collect$$libinit$$00000019  c_p.l(libinit2.o)
    0x00000126   0x00000126   0x00000000   Code   RO         1039    .ARM.Collect$$libinit$$0000001B  c_p.l(libinit2.o)
    0x00000126   0x00000126   0x00000000   Code   RO         1041    .ARM.Collect$$libinit$$0000001D  c_p.l(libinit2.o)
    0x00000126   0x00000126   0x00000000   Code   RO         1043    .ARM.Collect$$libinit$$0000001F  c_p.l(libinit2.o)
    0x00000126   0x00000126   0x00000000   Code   RO         1045    .ARM.Collect$$libinit$$00000021  c_p.l(libinit2.o)
    0x00000126   0x00000126   0x00000000   Code   RO         1047    .ARM.Collect$$libinit$$00000023  c_p.l(libinit2.o)
    0x00000126   0x00000126   0x00000000   Code   RO         1049    .ARM.Collect$$libinit$$00000025  c_p.l(libinit2.o)
    0x00000126   0x00000126   0x00000000   Code   RO         1053    .ARM.Collect$$libinit$$0000002C  c_p.l(libinit2.o)
    0x00000126   0x00000126   0x00000000   Code   RO         1055    .ARM.Collect$$libinit$$0000002E  c_p.l(libinit2.o)
    0x00000126   0x00000126   0x00000000   Code   RO         1057    .ARM.Collect$$libinit$$00000030  c_p.l(libinit2.o)
    0x00000126   0x00000126   0x00000000   Code   RO         1059    .ARM.Collect$$libinit$$00000032  c_p.l(libinit2.o)
    0x00000126   0x00000126   0x00000002   Code   RO         1060    .ARM.Collect$$libinit$$00000033  c_p.l(libinit2.o)
    0x00000128   0x00000128   0x00000002   Code   RO         1088    .ARM.Collect$$libshutdown$$00000000  c_p.l(libshutdown.o)
    0x0000012a   0x0000012a   0x00000000   Code   RO         1119    .ARM.Collect$$libshutdown$$00000002  c_p.l(libshutdown2.o)
    0x0000012a   0x0000012a   0x00000000   Code   RO         1121    .ARM.Collect$$libshutdown$$00000004  c_p.l(libshutdown2.o)
    0x0000012a   0x0000012a   0x00000000   Code   RO         1124    .ARM.Collect$$libshutdown$$00000007  c_p.l(libshutdown2.o)
    0x0000012a   0x0000012a   0x00000000   Code   RO         1127    .ARM.Collect$$libshutdown$$0000000A  c_p.l(libshutdown2.o)
    0x0000012a   0x0000012a   0x00000000   Code   RO         1129    .ARM.Collect$$libshutdown$$0000000C  c_p.l(libshutdown2.o)
    0x0000012a   0x0000012a   0x00000000   Code   RO         1132    .ARM.Collect$$libshutdown$$0000000F  c_p.l(libshutdown2.o)
    0x0000012a   0x0000012a   0x00000002   Code   RO         1133    .ARM.Collect$$libshutdown$$00000010  c_p.l(libshutdown2.o)
    0x0000012c   0x0000012c   0x00000000   Code   RO          966    .ARM.Collect$$rtentry$$00000000  c_p.l(__rtentry.o)
    0x0000012c   0x0000012c   0x00000000   Code   RO          973    .ARM.Collect$$rtentry$$00000002  c_p.l(__rtentry2.o)
    0x0000012c   0x0000012c   0x00000006   Code   RO          985    .ARM.Collect$$rtentry$$00000004  c_p.l(__rtentry4.o)
    0x00000132   0x00000132   0x00000000   Code   RO          975    .ARM.Collect$$rtentry$$00000009  c_p.l(__rtentry2.o)
    0x00000132   0x00000132   0x00000004   Code   RO          976    .ARM.Collect$$rtentry$$0000000A  c_p.l(__rtentry2.o)
    0x00000136   0x00000136   0x00000000   Code   RO          978    .ARM.Collect$$rtentry$$0000000C  c_p.l(__rtentry2.o)
    0x00000136   0x00000136   0x00000008   Code   RO          979    .ARM.Collect$$rtentry$$0000000D  c_p.l(__rtentry2.o)
    0x0000013e   0x0000013e   0x00000002   Code   RO         1008    .ARM.Collect$$rtexit$$00000000  c_p.l(rtexit.o)
    0x00000140   0x00000140   0x00000000   Code   RO         1062    .ARM.Collect$$rtexit$$00000002  c_p.l(rtexit2.o)
    0x00000140   0x00000140   0x00000004   Code   RO         1063    .ARM.Collect$$rtexit$$00000003  c_p.l(rtexit2.o)
    0x00000144   0x00000144   0x00000006   Code   RO         1064    .ARM.Collect$$rtexit$$00000004  c_p.l(rtexit2.o)
    0x0000014a   0x0000014a   0x00000002   PAD
    0x0000014c   0x0000014c   0x0000002c   Code   RO           13    .text               startup_mspm0g350x_uvision.o
    0x00000178   0x00000178   0x0000002c   Code   RO          938    .text               c_p.l(puts.o)
    0x000001a4   0x000001a4   0x00000006   Code   RO          948    .text               c_p.l(heapauxi.o)
    0x000001aa   0x000001aa   0x0000003e   Code   RO          989    .text               c_p.l(sys_stackheap_outer.o)
    0x000001e8   0x000001e8   0x00000010   Code   RO          992    .text               c_p.l(exit.o)
    0x000001f8   0x000001f8   0x00000008   Code   RO         1004    .text               c_p.l(libspace.o)
    0x00000200   0x00000200   0x0000000a   Code   RO          879    .text.DL_Common_delayCycles  dl_common.o
    0x0000020a   0x0000020a   0x00000002   PAD
    0x0000020c   0x0000020c   0x000000c0   Code   RO          313    .text.DL_Timer_initPWMMode  dl_timer.o
    0x000002cc   0x000002cc   0x000000f0   Code   RO          295    .text.DL_Timer_initTimerMode  dl_timer.o
    0x000003bc   0x000003bc   0x0000001c   Code   RO          327    .text.DL_Timer_setCaptCompUpdateMethod  dl_timer.o
    0x000003d8   0x000003d8   0x00000018   Code   RO          317    .text.DL_Timer_setCaptureCompareOutCtl  dl_timer.o
    0x000003f0   0x000003f0   0x00000010   Code   RO          297    .text.DL_Timer_setCaptureCompareValue  dl_timer.o
    0x00000400   0x00000400   0x0000001c   Code   RO          291    .text.DL_Timer_setClockConfig  dl_timer.o
    0x0000041c   0x0000041c   0x00000048   Code   RO          239    .text.DL_UART_init  dl_uart.o
    0x00000464   0x00000464   0x00000012   Code   RO          241    .text.DL_UART_setClockConfig  dl_uart.o
    0x00000476   0x00000476   0x00000002   PAD
    0x00000478   0x00000478   0x00000064   Code   RO          188    .text.GROUP1_IRQHandler  encoder.o
    0x000004dc   0x000004dc   0x00000070   Code   RO          113    .text.OLED_Clear    oled.o
    0x0000054c   0x0000054c   0x00000154   Code   RO          135    .text.OLED_Init     oled.o
    0x000006a0   0x000006a0   0x000000f4   Code   RO          111    .text.OLED_Refresh  oled.o
    0x00000794   0x00000794   0x000000a0   Code   RO           93    .text.OLED_WR_Byte  oled.o
    0x00000834   0x00000834   0x000000c0   Code   RO           24    .text.SYSCFG_DL_GPIO_init  ti_msp_dl_config.o
    0x000008f4   0x000008f4   0x0000007c   Code   RO           30    .text.SYSCFG_DL_PWM_MotorA_init  ti_msp_dl_config.o
    0x00000970   0x00000970   0x00000080   Code   RO           28    .text.SYSCFG_DL_PWM_MotorB_init  ti_msp_dl_config.o
    0x000009f0   0x000009f0   0x0000003c   Code   RO           26    .text.SYSCFG_DL_SYSCTL_init  ti_msp_dl_config.o
    0x00000a2c   0x00000a2c   0x0000001c   Code   RO           36    .text.SYSCFG_DL_SYSTICK_init  ti_msp_dl_config.o
    0x00000a48   0x00000a48   0x00000038   Code   RO           32    .text.SYSCFG_DL_TIMER_0_init  ti_msp_dl_config.o
    0x00000a80   0x00000a80   0x00000070   Code   RO           34    .text.SYSCFG_DL_USB_TLL_init  ti_msp_dl_config.o
    0x00000af0   0x00000af0   0x00000030   Code   RO           20    .text.SYSCFG_DL_init  ti_msp_dl_config.o
    0x00000b20   0x00000b20   0x00000054   Code   RO           22    .text.SYSCFG_DL_initPower  ti_msp_dl_config.o
    0x00000b74   0x00000b74   0x00000114   Code   RO          105    .text.Send_Byte     oled.o
    0x00000c88   0x00000c88   0x00000034   Code   RO          186    .text.TIMG0_IRQHandler  encoder.o
    0x00000cbc   0x00000cbc   0x0000004c   Code   RO           77    .text.UART0_IRQHandler  board.o
    0x00000d08   0x00000d08   0x00000002   Code   RO           73    .text._sys_exit     board.o
    0x00000d0a   0x00000d0a   0x00000002   PAD
    0x00000d0c   0x00000d0c   0x00000044   Code   RO           59    .text.board_init    board.o
    0x00000d50   0x00000d50   0x00000030   Code   RO           61    .text.delay_us      board.o
    0x00000d80   0x00000d80   0x00000010   Code   RO           75    .text.fputc         board.o
    0x00000d90   0x00000d90   0x00000050   Code   RO            2    .text.main          empty.o
    0x00000de0   0x00000de0   0x00000010   Code   RO           69    .text.uart0_send_char  board.o
    0x00000df0   0x00000df0   0x00000003   Data   RO           45    .rodata.gPWM_MotorAClockConfig  ti_msp_dl_config.o
    0x00000df3   0x00000df3   0x00000001   PAD
    0x00000df4   0x00000df4   0x00000008   Data   RO           46    .rodata.gPWM_MotorAConfig  ti_msp_dl_config.o
    0x00000dfc   0x00000dfc   0x00000003   Data   RO           43    .rodata.gPWM_MotorBClockConfig  ti_msp_dl_config.o
    0x00000dff   0x00000dff   0x00000001   PAD
    0x00000e00   0x00000e00   0x00000008   Data   RO           44    .rodata.gPWM_MotorBConfig  ti_msp_dl_config.o
    0x00000e08   0x00000e08   0x00000003   Data   RO           47    .rodata.gTIMER_0ClockConfig  ti_msp_dl_config.o
    0x00000e0b   0x00000e0b   0x00000001   PAD
    0x00000e0c   0x00000e0c   0x00000014   Data   RO           48    .rodata.gTIMER_0TimerConfig  ti_msp_dl_config.o
    0x00000e20   0x00000e20   0x00000002   Data   RO           49    .rodata.gUSB_TLLClockConfig  ti_msp_dl_config.o
    0x00000e22   0x00000e22   0x0000000a   Data   RO           50    .rodata.gUSB_TLLConfig  ti_msp_dl_config.o
    0x00000e2c   0x00000e2c   0x00000004   PAD
    0x00000e30   0x00000e30   0x00000010   Data   RO         1135    Region$$Table       anon$$obj.o


    Execution Region RW_IRAM2 (Exec base: 0x20200000, Load base: 0x00000e40, Size: 0x00000738, Max: 0x00008000, ABSOLUTE)

    Exec Addr    Load Addr    Size         Type   Attr      Idx    E Section Name        Object

    0x20200000        -       0x00000060   Zero   RW         1005    .bss                c_p.l(libspace.o)
    0x20200060        -       0x00000004   Zero   RW          190    .bss.Left_Count     encoder.o
    0x20200064        -       0x00000480   Zero   RW          145    .bss.OLED_GRAM      oled.o
    0x202004e4        -       0x00000004   Zero   RW          191    .bss.Right_Count    encoder.o
    0x202004e8        -       0x00000054   Zero   RW           82    .bss.__stdout       board.o
    0x2020053c        -       0x00000078   Zero   RW           42    .bss.gPWM_MotorABackup  ti_msp_dl_config.o
    0x202005b4        -       0x00000080   Zero   RW           79    .bss.recv0_buff     board.o
    0x20200634        -       0x00000001   Zero   RW           81    .bss.recv0_flag     board.o
    0x20200635   0x00000e40   0x00000001   PAD
    0x20200636        -       0x00000002   Zero   RW           80    .bss.recv0_length   board.o
    0x20200638        -       0x00000000   Zero   RW           11    HEAP                startup_mspm0g350x_uvision.o
    0x20200638        -       0x00000100   Zero   RW           10    STACK               startup_mspm0g350x_uvision.o



  Load Region LR_BCR (Base: 0x41c00000, Size: 0x00000000, Max: 0x00000100, ABSOLUTE)

    Execution Region BCR_CONFIG (Exec base: 0x41c00000, Load base: 0x41c00000, Size: 0x00000000, Max: 0x00000080, ABSOLUTE)

    **** No section assigned to this execution region ****



  Load Region LR_BSL (Base: 0x41c00100, Size: 0x00000000, Max: 0x00000100, ABSOLUTE)

    Execution Region BSL_CONFIG (Exec base: 0x41c00100, Load base: 0x41c00100, Size: 0x00000000, Max: 0x00000080, ABSOLUTE)

    **** No section assigned to this execution region ****


==============================================================================

Image component sizes


      Code (inc. data)   RO Data    RW Data    ZI Data      Debug   Object Name

       226         64          0          0        215       8844   board.o
        10          0          0          0          0        569   dl_common.o
       528        192          0          0          0      31175   dl_timer.o
        90          8          0          0          0      13100   dl_uart.o
        80         12          0          0          0       4761   empty.o
       152         28          0          0          8       6932   encoder.o
      1132         12          0          0       1152      22078   oled.o
        44         18        192          0        256        664   startup_mspm0g350x_uvision.o
       832        172         57          0        120      27389   ti_msp_dl_config.o

    ----------------------------------------------------------------------
      3100        506        272          0       1752     115512   Object Totals
         0          0         16          0          0          0   (incl. Generated)
         6          0          7          0          1          0   (incl. Padding)

    ----------------------------------------------------------------------

      Code (inc. data)   RO Data    RW Data    ZI Data      Debug   Library Member Name

         8          0          0          0          0         68   __main.o
         0          0          0          0          0          0   __rtentry.o
        12          0          0          0          0          0   __rtentry2.o
         6          0          0          0          0          0   __rtentry4.o
        60          8          0          0          0          0   __scatter.o
        28          0          0          0          0          0   __scatter_zi.o
        16          0          0          0          0         68   exit.o
         6          0          0          0          0        136   heapauxi.o
         2          0          0          0          0          0   libinit.o
         2          0          0          0          0          0   libinit2.o
         2          0          0          0          0          0   libshutdown.o
         2          0          0          0          0          0   libshutdown2.o
         8          4          0          0         96         68   libspace.o
        44          6          0          0          0         68   puts.o
         2          0          0          0          0          0   rtexit.o
        10          0          0          0          0          0   rtexit2.o
        62          0          0          0          0         80   sys_stackheap_outer.o

    ----------------------------------------------------------------------
       276         22          0          0         96        488   Library Totals
         6          4          0          0          0          0   (incl. Padding)

    ----------------------------------------------------------------------

      Code (inc. data)   RO Data    RW Data    ZI Data      Debug   Library Name

       270         18          0          0         96        488   c_p.l

    ----------------------------------------------------------------------
       276         22          0          0         96        488   Library Totals

    ----------------------------------------------------------------------

==============================================================================


      Code (inc. data)   RO Data    RW Data    ZI Data      Debug   

      3376        528        272          0       1848     115752   Grand Totals
      3376        528        272          0       1848     115752   ELF Image Totals
      3376        528        272          0          0          0   ROM Totals

==============================================================================

    Total RO  Size (Code + RO Data)                 3648 (   3.56kB)
    Total RW  Size (RW Data + ZI Data)              1848 (   1.80kB)
    Total ROM Size (Code + RO Data + RW Data)       3648 (   3.56kB)

==============================================================================

